
[1m[46m RUN [49m[22m [36mv4.1.2 [39m[90mC:/Users/Administrator/Desktop/New OET Web App[39m

node.exe : Not implemented: navigation to another Document
At C:\Program Files\nodejs\npx.ps1:29 char:3
+   & $NODE_EXE $NPX_CLI_JS $args
+   ~~~~~~~~~~~~~~~~~~~~~~~~~~~~~
    + CategoryInfo          : NotSpecified: (Not implemented...nother Document 
   :String) [], RemoteException
    + FullyQualifiedErrorId : NativeCommandError
 
Not implemented: navigation to another Document
Not implemented: navigation to another Document
Not implemented: navigation to another Document
Not implemented: navigation to another Document
Not implemented: navigation to another Document
 [32mΓ£ô[39m app/writing/revision/page.test.tsx [2m([22m[2m2 tests[22m[2m)[22m[33m 4505[2mms[22m[39m
     [33m[2mΓ£ô[22m[39m submits edited revision content and redirects to the new evaluation [33m 2915[2mms[22m[39m
     [33m[2mΓ£ô[22m[39m blocks submission when writing entitlement is unavailable [33m 1579[2mms[22m[39m
Not implemented: navigation to another Document
Not implemented: navigation to another Document
Not implemented: navigation to another Document
 [32mΓ£ô[39m app/reading/paper/[paperId]/page.test.tsx [2m([22m[2m6 tests[22m[2m)[22m[33m 4595[2mms[22m[39m
     [33m[2mΓ£ô[22m[39m starts the canonical computer attempt, flushes answers, and navigates to canonical results [33m 2451[2mms[22m[39m
     [33m[2mΓ£ô[22m[39m renders paper presentation with original PDF controls for resumed attempts [33m 651[2mms[22m[39m
     [33m[2mΓ£ô[22m[39m saves fallback matching text references as A-D values [33m 489[2mms[22m[39m
     [33m[2mΓ£ô[22m[39m highlights selected passage text and clears it without touching question text [33m 653[2mms[22m[39m
 [32mΓ£ô[39m components/domain/mic-check-panel.test.tsx [2m([22m[2m2 tests[22m[2m)[22m[33m 6412[2mms[22m[39m
     [33m[2mΓ£ô[22m[39m performs a real permission, recording, playback, and noise-check flow before completing [33m 6232[2mms[22m[39m
 [32mΓ£ô[39m app/admin/voice-design/page.test.tsx [2m([22m[2m4 tests[22m[2m)[22m[33m 6007[2mms[22m[39m
     [33m[2mΓ£ô[22m[39m blocks recall preview when ElevenLabs settings are missing [33m 1495[2mms[22m[39m
     [33m[2mΓ£ô[22m[39m blocks recall preview when saved ElevenLabs settings are dirty [33m 2079[2mms[22m[39m
     [33m[2mΓ£ô[22m[39m sends recall preview requests through the ElevenLabs provider payload [33m 1216[2mms[22m[39m
     [33m[2mΓ£ô[22m[39m retries failed recall batches from the job tracker [33m 1207[2mms[22m[39m
[90mstderr[2m | app/admin/ai-providers/page.test.tsx[2m > 
[22m[2mAiProvidersPage ΓÇö GitHub Copilot integration[2m > [22m[2mblocks 
non-admin viewers
[22m[39mAn update to AiProvidersPage inside a test was not wrapped in 
act(...).

When testing, code that causes React state updates should be wrapped into 
act(...):

act(() => {
  /* fire events that update state */
});
/* assert on the output */

This ensures that you're testing the behavior the user would see in the 
browser. Learn more at https://react.dev/link/wrap-tests-with-act
An update to AiProvidersPage inside a test was not wrapped in act(...).

When testing, code that causes React state updates should be wrapped into 
act(...):

act(() => {
  /* fire events that update state */
});
/* assert on the output */

This ensures that you're testing the behavior the user would see in the 
browser. Learn more at https://react.dev/link/wrap-tests-with-act

 [32mΓ£ô[39m app/admin/ai-providers/page.test.tsx [2m([22m[2m4 tests[22m[2m)[22m[33m 4972[2mms[22m[39m
     [33m[2mΓ£ô[22m[39m renders an existing Copilot row without leaking the API key [33m 704[2mms[22m[39m
     [33m[2mΓ£ô[22m[39m exposes a "GitHub Copilot / Models" preset that fills Copilot dialect [33m 2427[2mms[22m[39m
     [33m[2mΓ£ô[22m[39m exposes an ElevenLabs realtime STT preset with ASR category [33m 1803[2mms[22m[39m
 [32mΓ£ô[39m components/domain/ListeningExtractionPanel.test.tsx [2m([22m[2m6 tests[22m[2m)[22m[33m 8542[2mms[22m[39m
     [33m[2mΓ£ô[22m[39m renders Pending draft with status badge and highlights changed rows [33m 789[2mms[22m[39m
     [33m[2mΓ£ô[22m[39m approves a draft after confirmation and invokes onApplied [33m 2355[2mms[22m[39m
     [33m[2mΓ£ô[22m[39m reject confirm is disabled until reason provided, then calls reject client [33m 2565[2mms[22m[39m
     [33m[2mΓ£ô[22m[39m disables approval for pending stub drafts while allowing rejection [33m 699[2mms[22m[39m
     [33m[2mΓ£ô[22m[39m disables approval when the current authored structure cannot be loaded [33m 463[2mms[22m[39m
     [33m[2mΓ£ô[22m[39m surfaces a 409 conflict from approve as an error toast and refreshes drafts [33m 1651[2mms[22m[39m
 [32mΓ£ô[39m app/(auth)/register/page.test.tsx [2m([22m[2m2 tests[22m[2m)[22m[33m 4318[2mms[22m[39m
     [33m[2mΓ£ô[22m[39m renders the dedicated learner registration screen [33m 1371[2mms[22m[39m
     [33m[2mΓ£ô[22m[39m uses the fixed mandatory target-country list without session or billing controls [33m 2937[2mms[22m[39m
 [32mΓ£ô[39m lib/__tests__/api.test.ts [2m([22m[2m33 tests[22m[2m)[22m[33m 8648[2mms[22m[39m
     [33m[2mΓ£ô[22m[39m retries on 500 errors up to MAX_RETRIES times [33m 4023[2mms[22m[39m
     [33m[2mΓ£ô[22m[39m retries on network errors [33m 4042[2mms[22m[39m
 [32mΓ£ô[39m tests/static/no-link-button-nesting.test.ts [2m([22m[2m1 test[22m[2m)[22m[33m 9633[2mms[22m[39m
     [33m[2mΓ£ô[22m[39m does not nest Link and Button primitives in JSX source [33m 9626[2mms[22m[39m
 [32mΓ£ô[39m app/admin/content/vocabulary/import/page.test.tsx [2m([22m[2m4 tests[22m[2m)[22m[33m 9501[2mms[22m[39m
     [33m[2mΓ£ô[22m[39m reconciles an approved manifest and renders a clean result [33m 2420[2mms[22m[39m
     [33m[2mΓ£ô[22m[39m surfaces manifest mismatches for operator review [33m 1348[2mms[22m[39m
     [33m[2mΓ£ô[22m[39m shows issue rows even when they appear after the first 50 manifest rows [33m 2103[2mms[22m[39m
     [33m[2mΓ£ô[22m[39m reconciles against the visible batch ID after a loaded batch ID is changed [33m 3593[2mms[22m[39m
Not implemented: navigation to another Document
 [32mΓ£ô[39m app/mocks/setup/page.test.tsx [2m([22m[2m5 tests[22m[2m)[22m[33m 3975[2mms[22m[39m
     [33m[2mΓ£ô[22m[39m renders the mock setup form through the shared learner dashboard shell [33m 482[2mms[22m[39m
     [33m[2mΓ£ô[22m[39m displays mock type options from backend setup options [33m 334[2mms[22m[39m
     [33m[2mΓ£ô[22m[39m explains strict mock workflow policy and teacher-reviewed productive skills [33m 379[2mms[22m[39m
     [33m[2mΓ£ô[22m[39m preselects a sub-test from the query string and starts the matching bundle [33m 2129[2mms[22m[39m
     [33m[2mΓ£ô[22m[39m blocks diagnostic start when the billing entitlement is exhausted [33m 637[2mms[22m[39m
 [32mΓ£ô[39m app/expert/non-review-pages.test.tsx [2m([22m[2m12 tests[22m[2m)[22m[33m 7571[2mms[22m[39m
     [33m[2mΓ£ô[22m[39m renders the queue inside the learner-style route surface [33m 1515[2mms[22m[39m
     [33m[2mΓ£ô[22m[39m renders the calibration center inside the learner-style route surface [33m 911[2mms[22m[39m
     [33m[2mΓ£ô[22m[39m renders the calibration case workspace inside the learner-style route surface [33m 488[2mms[22m[39m
     [33m[2mΓ£ô[22m[39m prefills draft calibration detail, keeps it editable, and saves partial draft data [33m 891[2mms[22m[39m
     [33m[2mΓ£ô[22m[39m submits from a draft, reloads the final submission, and locks the workspace [33m 644[2mms[22m[39m
     [33m[2mΓ£ô[22m[39m surfaces already-submitted conflicts and switches to locked read-only state [33m 719[2mms[22m[39m
     [33m[2mΓ£ô[22m[39m locks the workspace when a draft save hits an already-submitted conflict [33m 805[2mms[22m[39m
     [33m[2mΓ£ô[22m[39m renders the schedule page inside the learner-style route surface [33m 553[2mms[22m[39m
 [32mΓ£ô[39m app/listening/player/[id]/__tests__/cbla-fidelity.test.tsx [2m([22m[2m22 tests[22m[2m)[22m[33m 15655[2mms[22m[39m
     [33m[2mΓ£ô[22m[39m renders the pre-audio reading window banner and does not auto-play audio [33m 446[2mms[22m[39m
     [33m[2mΓ£ô[22m[39m requires tech readiness and applies the first V2 transition before strict exam start [33m 846[2mms[22m[39m
     [33m[2mΓ£ô[22m[39m renders R08 tools for Part B/C questions [33m 493[2mms[22m[39m
     [33m[2mΓ£ô[22m[39m keeps strict exam on the start screen when the V2 readiness transition is rejected [33m 331[2mms[22m[39m
     [33m[2mΓ£ô[22m[39m auto-advances from preview to audio when the countdown reaches zero [33m 2060[2mms[22m[39m
     [33m[2mΓ£ô[22m[39m advances strict preview through the V2 FSM before playing audio [33m 2028[2mms[22m[39m
     [33m[2mΓ£ô[22m[39m fails closed when strict preview advance is rejected [33m 1881[2mms[22m[39m
     [33m[2mΓ£ô[22m[39m opens strict review through the V2 FSM and keeps the server review window [33m 924[2mms[22m[39m
     [33m[2mΓ£ô[22m[39m locks strict review through the V2 FSM before opening the next section [33m 624[2mms[22m[39m
     [33m[2mΓ£ô[22m[39m lists exact unanswered question numbers before final submit [33m 369[2mms[22m[39m
     [33m[2mΓ£ô[22m[39m renders every paper section during all-parts final review without strict V2 advance [33m 519[2mms[22m[39m
     [33m[2mΓ£ô[22m[39m includes the final in-memory answer when the timer expires before debounce save completes [33m 312[2mms[22m[39m
     [33m[2mΓ£ô[22m[39m keeps Next disabled until the active extract has completed [33m 2667[2mms[22m[39m
     [33m[2mΓ£ô[22m[39m emits ┬º17.11 audio_started and audio_ended attempt events with cuePointMs [33m 433[2mms[22m[39m
     [33m[2mΓ£ô[22m[39m emits an auto_submit attempt event when the whole-attempt timer expires [33m 366[2mms[22m[39m
 [32mΓ£ô[39m app/listening/player/[id]/__tests__/audio-resume.test.tsx [2m([22m[2m7 tests[22m[2m)[22m[33m 3590[2mms[22m[39m
     [33m[2mΓ£ô[22m[39m calls listeningV2Api.audioResume when the audio element resumes after a pause in exam mode [33m 474[2mms[22m[39m
     [33m[2mΓ£ô[22m[39m pauses strict playback while audio-resume validation is pending and resumes after approval [33m 1124[2mms[22m[39m
     [33m[2mΓ£ô[22m[39m surfaces an inline alert and realigns the playhead when the server force-advances out of grace [33m 501[2mms[22m[39m
     [33m[2mΓ£ô[22m[39m pauses strict playback when audio-resume validation fails [33m 328[2mms[22m[39m
     [33m[2mΓ£ô[22m[39m keeps strict Part B locked until every workplace extract reaches its end cue [33m 677[2mms[22m[39m
 [32mΓ£ô[39m app/admin/settings/RuntimeSettingsClient.test.tsx [2m([22m[2m10 tests[22m[2m)[22m[33m 16513[2mms[22m[39m
     [33m[2mΓ£ô[22m[39m renders all runtime integration sections after the initial fetch resolves [33m 1608[2mms[22m[39m
     [33m[2mΓ£ô[22m[39m shows the "Set" badge when the API returns the masked sentinel [33m 555[2mms[22m[39m
     [33m[2mΓ£ô[22m[39m shows the "Not set" badge when the API returns an empty string [33m 1580[2mms[22m[39m
     [33m[2mΓ£ô[22m[39m sends the typed value when the user edits a secret field and saves [33m 3286[2mms[22m[39m
     [33m[2mΓ£ô[22m[39m preserves untouched secrets by sending the masked sentinel back unchanged [33m 1342[2mms[22m[39m
     [33m[2mΓ£ô[22m[39m sends an empty string when the user clicks Clear on a set secret [33m 1728[2mms[22m[39m
     [33m[2mΓ£ô[22m[39m shows a success toast after a successful save [33m 1319[2mms[22m[39m
     [33m[2mΓ£ô[22m[39m shows an error toast with the API error message when saving fails [33m 1645[2mms[22m[39m
     [33m[2mΓ£ô[22m[39m tests an integration section without saving settings [33m 2938[2mms[22m[39m
     [33m[2mΓ£ô[22m[39m masks unexpected raw secret values returned by the API before rendering [33m 502[2mms[22m[39m
 [32mΓ£ô[39m app/strategies/page.test.tsx [2m([22m[2m2 tests[22m[2m)[22m[33m 1914[2mms[22m[39m
     [33m[2mΓ£ô[22m[39m renders recommended, continue-reading, and bookmarked strategy buckets [33m 1701[2mms[22m[39m
Not implemented: navigation to another Document
 [32mΓ£ô[39m app/admin/writing/ai-draft/page.test.tsx [2m([22m[2m6 tests[22m[2m)[22m[33m 3955[2mms[22m[39m
     [33m[2mΓ£ô[22m[39m disables Submit while the prompt is empty [33m 817[2mms[22m[39m
     [33m[2mΓ£ô[22m[39m submits the normalized payload to adminGenerateWritingAiDraft [33m 1396[2mms[22m[39m
     [33m[2mΓ£ô[22m[39m renders title and applied rule badges on success [33m 591[2mms[22m[39m
     [33m[2mΓ£ô[22m[39m shows the warning callout when the response includes a warning [33m 414[2mms[22m[39m
     [33m[2mΓ£ô[22m[39m shows an error alert when the request fails [33m 339[2mms[22m[39m
     [33m[2mΓ£ô[22m[39m shows the quota-exceeded alert on a 429 response [33m 384[2mms[22m[39m
 [32mΓ£ô[39m app/expert/onboarding/page.test.tsx [2m([22m[2m7 tests[22m[2m)[22m[33m 3558[2mms[22m[39m
     [33m[2mΓ£ô[22m[39m renders the welcome step with stepper [33m 952[2mms[22m[39m
     [33m[2mΓ£ô[22m[39m shows progress stepper with all 6 steps [33m 318[2mms[22m[39m
     [33m[2mΓ£ô[22m[39m navigates forward on Continue [33m 617[2mms[22m[39m
     [33m[2mΓ£ô[22m[39m navigates backward on Back [33m 611[2mms[22m[39m
     [33m[2mΓ£ô[22m[39m validates required fields on profile step [33m 492[2mms[22m[39m
     [33m[2mΓ£ô[22m[39m calls completeExpertOnboarding and redirects on final step [33m 389[2mms[22m[39m
Not implemented: navigation to another Document
 [32mΓ£ô[39m app/admin/writing/options/page.test.tsx [2m([22m[2m4 tests[22m[2m)[22m[33m 2088[2mms[22m[39m
     [33m[2mΓ£ô[22m[39m renders the loaded values into form fields [33m 390[2mms[22m[39m
     [33m[2mΓ£ô[22m[39m reveals the kill-switch reason textarea when AI Grading is toggled off [33m 952[2mms[22m[39m
     [33m[2mΓ£ô[22m[39m calls adminUpdateWritingOptions with the edited payload on Save [33m 547[2mms[22m[39m
Not implemented: navigation to another Document
[90mstderr[2m | components/layout/__tests__/feature-flag-nav.test.tsx[2m > 
[22m[2mlearner feature-gated navigation[2m > [22m[2mdoes not surface the 
Learn group in the learner sidebar when the flag is disabled
[22m[39mAn update to Sidebar inside a test was not wrapped in act(...).

When testing, code that causes React state updates should be wrapped into 
act(...):

act(() => {
  /* fire events that update state */
});
/* assert on the output */

This ensures that you're testing the behavior the user would see in the 
browser. Learn more at https://react.dev/link/wrap-tests-with-act

[90mstderr[2m | components/layout/__tests__/feature-flag-nav.test.tsx[2m > 
[22m[2mlearner feature-gated navigation[2m > [22m[2mstill hides the Learn 
group from the learner sidebar even when the flag is enabled
[22m[39mAn update to Sidebar inside a test was not wrapped in act(...).

When testing, code that causes React state updates should be wrapped into 
act(...):

act(() => {
  /* fire events that update state */
});
/* assert on the output */

This ensures that you're testing the behavior the user would see in the 
browser. Learn more at https://react.dev/link/wrap-tests-with-act

 [32mΓ£ô[39m app/admin/content/vocabulary/page.test.tsx [2m([22m[2m1 test[22m[2m)[22m[33m 3439[2mms[22m[39m
     [33m[2mΓ£ô[22m[39m selects vocabulary rows and bulk deletes selected terms [33m 3429[2mms[22m[39m
Not implemented: navigation to another Document
 [32mΓ£ô[39m components/layout/__tests__/feature-flag-nav.test.tsx [2m([22m[2m5 tests[22m[2m)[22m[33m 3299[2mms[22m[39m
     [33m[2mΓ£ô[22m[39m does not surface the Learn group in the learner sidebar when the flag is disabled [33m 1231[2mms[22m[39m
     [33m[2mΓ£ô[22m[39m still hides the Learn group from the learner sidebar even when the flag is enabled [33m 542[2mms[22m[39m
     [33m[2mΓ£ô[22m[39m keeps the Learn group visible to admin/tutor workspaces when the flag is enabled [33m 827[2mms[22m[39m
     [33m[2mΓ£ô[22m[39m prefers the canonical content tool route over the generic content library route in the mobile menu [33m 398[2mms[22m[39m
 [32mΓ£ô[39m app/billing/page.test.tsx [2m([22m[2m9 tests[22m[2m)[22m[33m 7431[2mms[22m[39m
     [33m[2mΓ£ô[22m[39m renders inside the shared learner dashboard shell [33m 405[2mms[22m[39m
     [33m[2mΓ£ô[22m[39m passes the selected gateway into review credit checkout sessions [33m 2096[2mms[22m[39m
     [33m[2mΓ£ô[22m[39m fails closed for paid actions when freeze status cannot be verified [33m 519[2mms[22m[39m
     [33m[2mΓ£ô[22m[39m allows checkout when a freeze is scheduled for the future [33m 751[2mms[22m[39m
     [33m[2mΓ£ô[22m[39m blocks rapid double-click on top-up by ignoring overlapping calls [33m 868[2mms[22m[39m
     [33m[2mΓ£ô[22m[39m switches tab to invoices when clicking "View invoices" on overview [33m 584[2mms[22m[39m
     [33m[2mΓ£ô[22m[39m shows the dismissible quote bar with a held quote and clears coupon on dismiss [33m 1619[2mms[22m[39m
     [33m[2mΓ£ô[22m[39m renders an empty state when no top-up tiers are configured [33m 393[2mms[22m[39m
 [32mΓ£ô[39m app/admin/content/publish-requests/page.test.tsx [2m([22m[2m4 tests[22m[2m)[22m[33m 2540[2mms[22m[39m
     [33m[2mΓ£ô[22m[39m hides legacy pending review controls for editor-review-only admins [33m 1124[2mms[22m[39m
     [33m[2mΓ£ô[22m[39m hides legacy pending review controls for publisher-approval-only admins [33m 471[2mms[22m[39m
     [33m[2mΓ£ô[22m[39m keeps legacy pending approve and reject controls for content publishers [33m 782[2mms[22m[39m
 [32mΓ£ô[39m components/domain/ReadingExtractionPanel.test.tsx [2m([22m[2m4 tests[22m[2m)[22m[33m 3996[2mms[22m[39m
     [33m[2mΓ£ô[22m[39m renders Reading draft counts and status [33m 530[2mms[22m[39m
     [33m[2mΓ£ô[22m[39m approves a non-stub draft and invokes onApplied [33m 1019[2mms[22m[39m
     [33m[2mΓ£ô[22m[39m blocks approving stub drafts but allows rejection with a reason [33m 2179[2mms[22m[39m
 [32mΓ£ô[39m app/admin/launch-readiness/page.test.tsx [2m([22m[2m3 tests[22m[2m)[22m[33m 4581[2mms[22m[39m
     [33m[2mΓ£ô[22m[39m renders launch readiness fields from the backend [33m 906[2mms[22m[39m
     [33m[2mΓ£ô[22m[39m saves only edited launch readiness fields [33m 2357[2mms[22m[39m
     [33m[2mΓ£ô[22m[39m shows backend errors without hiding the form [33m 1307[2mms[22m[39m
 [32mΓ£ô[39m app/admin/non-editor-pages.test.tsx [2m([22m[2m17 tests[22m[2m)[22m[33m 19727[2mms[22m[39m
     [33m[2mΓ£ô[22m[39m renders the root dashboard inside the learner-style route surface [33m 2261[2mms[22m[39m
     [33m[2mΓ£ô[22m[39m renders the content library inside the learner-style route surface [33m 565[2mms[22m[39m
     [33m[2mΓ£ô[22m[39m renders the AI config registry inside the learner-style route surface and keeps activation controls visible [33m 651[2mms[22m[39m
     [33m[2mΓ£ô[22m[39m renders the audit log registry inside the learner-style route surface [33m 680[2mms[22m[39m
     [33m[2mΓ£ô[22m[39m renders the criteria registry inside the learner-style route surface [33m 434[2mms[22m[39m
     [33m[2mΓ£ô[22m[39m renders the feature flag registry inside the learner-style route surface and keeps toggle actions visible [33m 573[2mms[22m[39m
     [33m[2mΓ£ô[22m[39m renders the review operations page inside the learner-style route surface [33m 797[2mms[22m[39m
     [33m[2mΓ£ô[22m[39m renders the billing page inside the learner-style route surface and opens catalog history [33m 9275[2mms[22m[39m
     [33m[2mΓ£ô[22m[39m renders the notifications page inside the learner-style route surface [33m 684[2mms[22m[39m
     [33m[2mΓ£ô[22m[39m renders webhook retry eligibility and refreshes after verified retry [33m 629[2mms[22m[39m
     [33m[2mΓ£ô[22m[39m renders the professions registry inside the learner-style route surface [33m 458[2mms[22m[39m
     [33m[2mΓ£ô[22m[39m renders the users directory inside the learner-style route surface and keeps invite controls visible [33m 1084[2mms[22m[39m
     [33m[2mΓ£ô[22m[39m renders the quality analytics page and keeps the responsive chart container mounted [33m 625[2mms[22m[39m
     [33m[2mΓ£ô[22m[39m renders the content edit workspace inside learner-style editor surfaces and preserves editorial actions [33m 326[2mms[22m[39m
Not implemented: navigation to another Document
 [32mΓ£ô[39m app/writing/player/page.test.tsx [2m([22m[2m5 tests[22m[2m)[22m[33m 4025[2mms[22m[39m
     [33m[2mΓ£ô[22m[39m starts strict exam mode with reading window locks and no live rulebook assistant [33m 1591[2mms[22m[39m
     [33m[2mΓ£ô[22m[39m uses the server attempt start time to resume directly into the writing phase [33m 457[2mms[22m[39m
     [33m[2mΓ£ô[22m[39m unlocks writing when the server-aligned reading timer completes [33m 506[2mms[22m[39m
     [33m[2mΓ£ô[22m[39m supports learning mode with elapsed timer, rulebook support, and one-tap submit (no confirmation modal) [33m 948[2mms[22m[39m
     [33m[2mΓ£ô[22m[39m blocks paper-mode submission until uploaded pages have OCR text [33m 512[2mms[22m[39m
 [32mΓ£ô[39m components/domain/OetStatementOfResultsCard.test.tsx [2m([22m[2m24 tests[22m[2m)[22m[33m 2170[2mms[22m[39m
     [33m[2mΓ£ô[22m[39m renders all four score values in the summary strip [33m 533[2mms[22m[39m
 [32mΓ£ô[39m components/domain/ai-provider-accounts-modal.test.tsx [2m([22m[2m5 tests[22m[2m)[22m[33m 3065[2mms[22m[39m
     [33m[2mΓ£ô[22m[39m lists existing accounts with labels and key hints (never the raw key) [33m 403[2mms[22m[39m
     [33m[2mΓ£ô[22m[39m creates a new account via createAiProviderAccount when the form is submitted [33m 1204[2mms[22m[39m
     [33m[2mΓ£ô[22m[39m rejects API keys shorter than 16 characters at create time [33m 668[2mms[22m[39m
     [33m[2mΓ£ô[22m[39m fires resetAiProviderAccount when Reset is clicked [33m 369[2mms[22m[39m
     [33m[2mΓ£ô[22m[39m fires testAiProviderAccount when Test is clicked and surfaces the status [33m 410[2mms[22m[39m
 [32mΓ£ô[39m components/domain/recalls/__tests__/listen-and-type.test.tsx [2m([22m[2m4 tests[22m[2m)[22m[33m 2539[2mms[22m[39m
     [33m[2mΓ£ô[22m[39m submits the typed answer and renders the diff segments [33m 1728[2mms[22m[39m
     [33m[2mΓ£ô[22m[39m shows correct state on a clean match [33m 505[2mms[22m[39m
 [32mΓ£ô[39m app/lessons/discover/page.test.tsx [2m([22m[2m2 tests[22m[2m)[22m[33m 1690[2mms[22m[39m
     [33m[2mΓ£ô[22m[39m routes discovered items to canonical video lesson detail pages [33m 1107[2mms[22m[39m
     [33m[2mΓ£ô[22m[39m filters results locally without creating invalid player links [33m 569[2mms[22m[39m
 [32mΓ£ô[39m components/domain/ai-assistant/__tests__/AiAssistantInput.test.tsx [2m([22m[2m12 tests[22m[2m)[22m[33m 2808[2mms[22m[39m
     [33m[2mΓ£ô[22m[39m renders text input with placeholder [33m 652[2mms[22m[39m
     [33m[2mΓ£ô[22m[39m typing updates the input value [33m 666[2mms[22m[39m
     [33m[2mΓ£ô[22m[39m Enter key sends the message [33m 384[2mms[22m[39m
     [33m[2mΓ£ô[22m[39m Shift+Enter adds a newline instead of sending [33m 527[2mms[22m[39m
 [32mΓ£ô[39m app/escalations/page.test.tsx [2m([22m[2m8 tests[22m[2m)[22m[33m 2841[2mms[22m[39m
     [33m[2mΓ£ô[22m[39m renders escalation list inside the learner dashboard shell [33m 355[2mms[22m[39m
     [33m[2mΓ£ô[22m[39m opens submit form and submits escalation [33m 1533[2mms[22m[39m
 [32mΓ£ô[39m components/domain/__tests__/learner-ux-primitives.test.tsx [2m([22m[2m6 tests[22m[2m)[22m[33m 1908[2mms[22m[39m
     [33m[2mΓ£ô[22m[39m renders an accessible recovery state with primary and secondary actions [33m 709[2mms[22m[39m
     [33m[2mΓ£ô[22m[39m marks the current skill module and exposes cross-module links [33m 582[2mms[22m[39m
     [33m[2mΓ£ô[22m[39m renders a named loading status for learner workspace variants [33m 325[2mms[22m[39m
 [32mΓ£ô[39m components/domain/reading-paper-simulation.test.tsx [2m([22m[2m3 tests[22m[2m)[22m[33m 1853[2mms[22m[39m
     [33m[2mΓ£ô[22m[39m renders Part A booklet, answer sheet, original PDF, print, and annotation controls [33m 1468[2mms[22m[39m
 [32mΓ£ô[39m app/listening/player/[id]/__tests__/audio-check-gate.test.tsx [2m([22m[2m2 tests[22m[2m)[22m[33m 1753[2mms[22m[39m
     [33m[2mΓ£ô[22m[39m renders the "Run the sound check" CTA when the first advance is rejected with audio-check-required [33m 1396[2mms[22m[39m
     [33m[2mΓ£ô[22m[39m renders the CTA when startListeningAttempt throws listening_audio_check_required [33m 347[2mms[22m[39m
 [32mΓ£ô[39m components/domain/ListeningExtractMetadataEditor.test.tsx [2m([22m[2m3 tests[22m[2m)[22m[33m 1691[2mms[22m[39m
     [33m[2mΓ£ô[22m[39m keeps relational backfill disabled while metadata is loading [33m 873[2mms[22m[39m
     [33m[2mΓ£ô[22m[39m requires scaffolded default metadata to be saved before backfill [33m 681[2mms[22m[39m
Not implemented: navigation to another Document
 [32mΓ£ô[39m components/domain/listening/__tests__/listening-manifest-panel.test.tsx [2m([22m[2m7 tests[22m[2m)[22m[33m 1960[2mms[22m[39m
     [33m[2mΓ£ô[22m[39m disables the import button until manifest text is present [33m 766[2mms[22m[39m
 [32mΓ£ô[39m components/domain/reading/__tests__/reading-tutor-ui.test.tsx [2m([22m[2m6 tests[22m[2m)[22m[33m 2608[2mms[22m[39m
     [33m[2mΓ£ô[22m[39m submits a raw score override with the reason and area [33m 1958[2mms[22m[39m
     [33m[2mΓ£ô[22m[39m blocks submission when the reason is missing [33m 324[2mms[22m[39m
 [32mΓ£ô[39m app/admin/billing/wallet-tiers/page.test.tsx [2m([22m[2m5 tests[22m[2m)[22m[33m 2308[2mms[22m[39m
     [33m[2mΓ£ô[22m[39m renders DB-backed tiers and saves an update [33m 1561[2mms[22m[39m
 [32mΓ£ô[39m components/domain/listening/__tests__/listening-paper-simulation.test.tsx [2m([22m[2m7 tests[22m[2m)[22m[33m 2037[2mms[22m[39m
     [33m[2mΓ£ô[22m[39m renders the booklet shell with toolbar, wall timer and first page [33m 620[2mms[22m[39m
     [33m[2mΓ£ô[22m[39m navigates between booklet pages with Next / Previous [33m 734[2mms[22m[39m
     [33m[2mΓ£ô[22m[39m fires onAnswerChange when a Part B OMR bubble is selected [33m 339[2mms[22m[39m
Not implemented: HTMLCanvasElement's getContext() method: without installing 
the canvas npm package
Not implemented: HTMLCanvasElement's getContext() method: without installing 
the canvas npm package
 [32mΓ£ô[39m app/vocabulary/browse/page.test.tsx [2m([22m[2m5 tests[22m[2m)[22m[33m 2417[2mms[22m[39m
     [33m[2mΓ£ô[22m[39m loads terms and renders them [33m 485[2mms[22m[39m
     [33m[2mΓ£ô[22m[39m calls addToMyVocabulary with browse source when the add button is clicked [33m 994[2mms[22m[39m
     [33m[2mΓ£ô[22m[39m loads categories from the server and renders them [33m 603[2mms[22m[39m
Not implemented: HTMLCanvasElement's getContext() method: without installing 
the canvas npm package
Not implemented: HTMLCanvasElement's getContext() method: without installing 
the canvas npm package
Not implemented: HTMLCanvasElement's getContext() method: without installing 
the canvas npm package
Not implemented: HTMLCanvasElement's getContext() method: without installing 
the canvas npm package
Not implemented: HTMLCanvasElement's getContext() method: without installing 
the canvas npm package
Not implemented: HTMLCanvasElement's getContext() method: without installing 
the canvas npm package
 [32mΓ£ô[39m components/domain/listening/admin/__tests__/waveform-cue-point-editor.test.tsx [2m([22m[2m10 tests[22m[2m)[22m[33m 2147[2mms[22m[39m
     [33m[2mΓ£ô[22m[39m fetches the extract audio through the authorized-object-URL helper and decodes it [33m 590[2mms[22m[39m
     [33m[2mΓ£ô[22m[39m exposes accessible slider semantics on both handles [33m 552[2mms[22m[39m
 [32mΓ£ô[39m app/achievements/page.test.tsx [2m([22m[2m3 tests[22m[2m)[22m[33m 1399[2mms[22m[39m
     [33m[2mΓ£ô[22m[39m renders through the shared learner dashboard shell [33m 922[2mms[22m[39m
 [32mΓ£ô[39m app/admin/analytics/listening/page.test.tsx [2m([22m[2m4 tests[22m[2m)[22m[33m 2032[2mms[22m[39m
     [33m[2mΓ£ô[22m[39m exports a Listening attempt by id and triggers a JSON download [33m 1115[2mms[22m[39m
     [33m[2mΓ£ô[22m[39m shows an inline error when the export fails with 404 [33m 384[2mms[22m[39m
     [33m[2mΓ£ô[22m[39m renders the DistractorHeatmap (not the old histogram list) when there is heat data [33m 392[2mms[22m[39m
 [32mΓ£ô[39m app/mocks/player/[id]/page.test.tsx [2m([22m[2m3 tests[22m[2m)[22m[33m 2104[2mms[22m[39m
     [33m[2mΓ£ô[22m[39m renders the orchestrator route inside the shared learner dashboard shell [33m 346[2mms[22m[39m
     [33m[2mΓ£ô[22m[39m launches sections through the backend-provided route [33m 1062[2mms[22m[39m
     [33m[2mΓ£ô[22m[39m surfaces strict workflow policy and blocks report submission until all sections complete [33m 683[2mms[22m[39m
 [32mΓ£ô[39m app/expert/page.test.tsx [2m([22m[2m1 test[22m[2m)[22m[33m 2393[2mms[22m[39m
     [33m[2mΓ£ô[22m[39m renders the learner-style tutor dashboard surface and keeps the main routes intact [33m 2384[2mms[22m[39m
 [32mΓ£ô[39m app/writing/library/page.test.tsx [2m([22m[2m1 test[22m[2m)[22m[33m 2735[2mms[22m[39m
     [33m[2mΓ£ô[22m[39m carries selected exam mode and assessor into exam starts [33m 2725[2mms[22m[39m
 [32mΓ£ô[39m app/admin/content/reading/[paperId]/preview/page.test.tsx [2m([22m[2m1 test[22m[2m)[22m[33m 1673[2mms[22m[39m
     [33m[2mΓ£ô[22m[39m renders timed preview controls and keeps options learner-safe [33m 1663[2mms[22m[39m
 [32mΓ£ô[39m tests/unit/listening/BCQuestionRenderer.test.tsx [2m([22m[2m4 tests[22m[2m)[22m[33m 2506[2mms[22m[39m
     [33m[2mΓ£ô[22m[39m selects options and toggles stem highlight [33m 1441[2mms[22m[39m
     [33m[2mΓ£ô[22m[39m supports right-click and keyboard-accessible option strikethrough [33m 610[2mms[22m[39m
     [33m[2mΓ£ô[22m[39m supports arrow-key navigation within the radio group [33m 330[2mms[22m[39m
 [32mΓ£ô[39m app/admin/content/listening/[paperId]/sequence/__tests__/page.test.tsx [2m([22m[2m4 tests[22m[2m)[22m[33m 2505[2mms[22m[39m
     [33m[2mΓ£ô[22m[39m renders an authored sequence with coverage and a valid banner [33m 1485[2mms[22m[39m
     [33m[2mΓ£ô[22m[39m seeds from the derived canonical sequence when none is authored [33m 385[2mms[22m[39m
     [33m[2mΓ£ô[22m[39m surfaces validation errors and blocks save [33m 607[2mms[22m[39m
 [32mΓ£ô[39m app/vocabulary/quiz/page.test.tsx [2m([22m[2m4 tests[22m[2m)[22m[33m 1812[2mms[22m[39m
     [33m[2mΓ£ô[22m[39m tracks vocab_quiz_viewed analytics on mount [33m 313[2mms[22m[39m
     [33m[2mΓ£ô[22m[39m reveals correctness after user selects an answer [33m 1027[2mms[22m[39m
 [32mΓ£ô[39m app/reading/page.test.tsx [2m([22m[2m4 tests[22m[2m)[22m[33m 2225[2mms[22m[39m
     [33m[2mΓ£ô[22m[39m renders exactly four hub cards in the canonical OET sample-test order [33m 982[2mms[22m[39m
     [33m[2mΓ£ô[22m[39m keeps the four primary cards and renders secondary workspace context [33m 369[2mms[22m[39m
     [33m[2mΓ£ô[22m[39m shows a Resume banner when the learner has an active resumable Reading attempt [33m 599[2mms[22m[39m
 [32mΓ£ô[39m components/auth/__tests__/register-form.test.tsx [2m([22m[2m2 tests[22m[2m)[22m[33m 1665[2mms[22m[39m
     [33m[2mΓ£ô[22m[39m uses meaningful autocomplete and input attributes on signup fields [33m 1454[2mms[22m[39m
 [32mΓ£ô[39m app/vocabulary/terms/[termId]/page.test.tsx [2m([22m[2m5 tests[22m[2m)[22m[33m 1450[2mms[22m[39m
     [33m[2mΓ£ô[22m[39m renders term, IPA, definition, example, and synonyms [33m 547[2mms[22m[39m
 [32mΓ£ô[39m components/domain/listening/admin/__tests__/part-a-notes-builder.test.tsx [2m([22m[2m8 tests[22m[2m)[22m[33m 2099[2mms[22m[39m
     [33m[2mΓ£ô[22m[39m inserts a gap marker at the caret and fires onChange with the updated text [33m 1059[2mms[22m[39m
     [33m[2mΓ£ô[22m[39m renders a live preview whose gap count tracks the authored markers [33m 441[2mms[22m[39m
 [32mΓ£ô[39m components/domain/conversation/conversation-realtime-controls.test.tsx [2m([22m[2m4 tests[22m[2m)[22m[33m 1304[2mms[22m[39m
     [33m[2mΓ£ô[22m[39m requires both audio consent acknowledgements before starting [33m 1106[2mms[22m[39m
 [32mΓ£ô[39m app/admin/content/strategies/page.test.tsx [2m([22m[2m2 tests[22m[2m)[22m[33m 2530[2mms[22m[39m
     [33m[2mΓ£ô[22m[39m renders strategy guide rows and publishes a draft guide [33m 1930[2mms[22m[39m
     [33m[2mΓ£ô[22m[39m shows the empty admin state when no guides match filters [33m 590[2mms[22m[39m
 [32mΓ£ô[39m app/admin/content/grammar/page.test.tsx [2m([22m[2m2 tests[22m[2m)[22m[33m 1618[2mms[22m[39m
     [33m[2mΓ£ô[22m[39m hides the empty lesson authoring link without content write permission [33m 1100[2mms[22m[39m
     [33m[2mΓ£ô[22m[39m shows the empty lesson authoring link for content writers [33m 505[2mms[22m[39m
 [32mΓ£ô[39m components/layout/__tests__/sidebar-route-matching.test.tsx [2m([22m[2m3 tests[22m[2m)[22m[33m 1375[2mms[22m[39m
     [33m[2mΓ£ô[22m[39m prefers the most specific canonical content route over the generic content library route [33m 1012[2mms[22m[39m
     [33m[2mΓ£ô[22m[39m exposes core learner destinations in mobile navigation [33m 347[2mms[22m[39m
 [32mΓ£ô[39m app/writing/page.test.tsx [2m([22m[2m1 test[22m[2m)[22m[33m 1964[2mms[22m[39m
     [33m[2mΓ£ô[22m[39m shows rulebook entry points on the writing home surface [33m 1921[2mms[22m[39m
 [32mΓ£ô[39m app/admin/content/page.test.tsx [2m([22m[2m2 tests[22m[2m)[22m[33m 2114[2mms[22m[39m
     [33m[2mΓ£ô[22m[39m hides write and publish workflows for read-only content admins [33m 1369[2mms[22m[39m
     [33m[2mΓ£ô[22m[39m shows every consolidated workflow for system admins [33m 736[2mms[22m[39m
 [32mΓ£ô[39m components/domain/ai-assistant/__tests__/AiAssistantPanel.test.tsx [2m([22m[2m8 tests[22m[2m)[22m[33m 1487[2mms[22m[39m
     [33m[2mΓ£ô[22m[39m renders as a dialog with proper aria label [33m 557[2mms[22m[39m
 [32mΓ£ô[39m app/admin/audit-logs/page.test.tsx [2m([22m[2m3 tests[22m[2m)[22m[33m 1751[2mms[22m[39m
     [33m[2mΓ£ô[22m[39m initialises searchQuery from ?search=billing and fires the API call with it [33m 662[2mms[22m[39m
     [33m[2mΓ£ô[22m[39m falls back to an empty search when the URL lacks ?search [33m 693[2mms[22m[39m
     [33m[2mΓ£ô[22m[39m keeps search and filters mounted when a filtered search has no results [33m 388[2mms[22m[39m
 [32mΓ£ô[39m app/(auth)/reset-password/success/page.test.tsx [2m([22m[2m1 test[22m[2m)[22m[33m 987[2mms[22m[39m
     [33m[2mΓ£ô[22m[39m shows the password reset success state and redirects to sign in after the countdown [33m 974[2mms[22m[39m
 [32mΓ£ô[39m app/vocabulary/page.test.tsx [2m([22m[2m4 tests[22m[2m)[22m[33m 1658[2mms[22m[39m
     [33m[2mΓ£ô[22m[39m renders hero, stats, and word list [33m 982[2mms[22m[39m
 [32mΓ£ô[39m app/settings/[section]/page.test.tsx [2m([22m[2m3 tests[22m[2m)[22m[33m 1619[2mms[22m[39m
     [33m[2mΓ£ô[22m[39m renders the profile section with a themed hero, helper card, tags, and field status pills [33m 424[2mms[22m[39m
     [33m[2mΓ£ô[22m[39m renders the privacy section with toggle states, helper copy, and rose accents [33m 759[2mms[22m[39m
     [33m[2mΓ£ô[22m[39m renders goals subtest tags and mixed configured states with purple accents [33m 426[2mms[22m[39m
 [32mΓ£ô[39m app/vocabulary/flashcards/page.test.tsx [2m([22m[2m5 tests[22m[2m)[22m[33m 1884[2mms[22m[39m
     [33m[2mΓ£ô[22m[39m reveals the definition after flipping the card [33m 720[2mms[22m[39m
     [33m[2mΓ£ô[22m[39m submits a quality rating and fires flashcard_rated analytics [33m 823[2mms[22m[39m
 [32mΓ£ô[39m app/admin/billing/__tests__/wallet-tier-validation.test.tsx [2m([22m[2m4 tests[22m[2m)[22m[33m 1897[2mms[22m[39m
     [33m[2mΓ£ô[22m[39m blocks save and shows duplicate warning when two rows share an amount [33m 516[2mms[22m[39m
     [33m[2mΓ£ô[22m[39m rejects non-positive whole-currency amounts (e.g. decimals or zero) [33m 800[2mms[22m[39m
     [33m[2mΓ£ô[22m[39m asks for confirmation before removing a tier (immutable-ID semantics) [33m 352[2mms[22m[39m
 [32mΓ£ô[39m app/readiness/page.test.tsx [2m([22m[2m4 tests[22m[2m)[22m[33m 1713[2mms[22m[39m
     [33m[2mΓ£ô[22m[39m renders readiness hero through the learner dashboard shell [33m 669[2mms[22m[39m
     [33m[2mΓ£ô[22m[39m tracks readiness_viewed analytics on mount [33m 468[2mms[22m[39m
     [33m[2mΓ£ô[22m[39m renders overall readiness score and recommended hours [33m 384[2mms[22m[39m
 [32mΓ£ô[39m app/recalls/words/page.test.tsx [2m([22m[2m4 tests[22m[2m)[22m[33m 2015[2mms[22m[39m
     [33m[2mΓ£ô[22m[39m plays catalog pronunciations through the authenticated recalls audio endpoint [33m 1228[2mms[22m[39m
     [33m[2mΓ£ô[22m[39m shows the paid upgrade prompt when recall audio is gated [33m 607[2mms[22m[39m
 [32mΓ£ô[39m app/reading/practice/page.test.tsx [2m([22m[2m3 tests[22m[2m)[22m[33m 2134[2mms[22m[39m
     [33m[2mΓ£ô[22m[39m shows locked Reading papers without exposing a dead-end start action [33m 1184[2mms[22m[39m
     [33m[2mΓ£ô[22m[39m passes the focused part into an Error Bank retest [33m 798[2mms[22m[39m
 [32mΓ£ô[39m app/conversation/page.test.tsx [2m([22m[2m3 tests[22m[2m)[22m[33m 2335[2mms[22m[39m
     [33m[2mΓ£ô[22m[39m renders through the shared learner dashboard shell [33m 1740[2mms[22m[39m
     [33m[2mΓ£ô[22m[39m tracks conversation_page_viewed analytics on mount [33m 323[2mms[22m[39m
 [32mΓ£ô[39m app/strategies/[id]/page.test.tsx [2m([22m[2m3 tests[22m[2m)[22m[33m 1659[2mms[22m[39m
     [33m[2mΓ£ô[22m[39m renders structured strategy content and starts reading progress [33m 1053[2mms[22m[39m
     [33m[2mΓ£ô[22m[39m updates bookmark state through the strategy API [33m 566[2mms[22m[39m
 [32mΓ£ô[39m tests/unit/listening/PartARenderer.test.tsx [2m([22m[2m6 tests[22m[2m)[22m[33m 1186[2mms[22m[39m
     [33m[2mΓ£ô[22m[39m renders an OET-style clinical note blank for short-answer questions [33m 703[2mms[22m[39m
     [33m[2mΓ£ô[22m[39m updates the controlled Part A answer value [33m 322[2mms[22m[39m
 [32mΓ£ô[39m app/admin/content/mocks/leak-reports/page.test.tsx [2m([22m[2m1 test[22m[2m)[22m[33m 1187[2mms[22m[39m
     [33m[2mΓ£ô[22m[39m only announces counts for the currently loaded filter [33m 1177[2mms[22m[39m
 [32mΓ£ô[39m app/freeze/page.test.tsx [2m([22m[2m2 tests[22m[2m)[22m[33m 1714[2mms[22m[39m
     [33m[2mΓ£ô[22m[39m does not expose learner confirm for admin-approval requests [33m 1441[2mms[22m[39m
 [32mΓ£ô[39m tests/unit/listening/ZoomControls.test.tsx [2m([22m[2m2 tests[22m[2m)[22m[33m 1666[2mms[22m[39m
     [33m[2mΓ£ô[22m[39m zooms in, zooms out, resets, and announces the current value [33m 1329[2mms[22m[39m
     [33m[2mΓ£ô[22m[39m clamps to the supported zoom range [33m 326[2mms[22m[39m
Not implemented: Window's open() method
Not implemented: navigation to another Document
[90mstderr[2m | app/billing/__tests__/double-submit-and-mask.test.tsx[2m > 
[22m[2mBilling page double-submit guard (wallet top-up)[2m > [22m[2monly 
fires the top-up call once even when the tile is double-clicked
[22m[39mAn update to BillingPage inside a test was not wrapped in act(...).

When testing, code that causes React state updates should be wrapped into 
act(...):

act(() => {
  /* fire events that update state */
});
/* assert on the output */

This ensures that you're testing the behavior the user would see in the 
browser. Learn more at https://react.dev/link/wrap-tests-with-act
An update to BillingPage inside a test was not wrapped in act(...).

When testing, code that causes React state updates should be wrapped into 
act(...):

act(() => {
  /* fire events that update state */
});
/* assert on the output */

This ensures that you're testing the behavior the user would see in the 
browser. Learn more at https://react.dev/link/wrap-tests-with-act

 [32mΓ£ô[39m app/billing/__tests__/double-submit-and-mask.test.tsx [2m([22m[2m2 tests[22m[2m)[22m[33m 2701[2mms[22m[39m
     [33m[2mΓ£ô[22m[39m only fires the top-up call once even when the tile is double-clicked [33m 2311[2mms[22m[39m
     [33m[2mΓ£ô[22m[39m masks raw provider invoice IDs in the recent invoices list [33m 375[2mms[22m[39m
 [32mΓ£ô[39m components/domain/listening/__tests__/distractor-heatmap.test.tsx [2m([22m[2m9 tests[22m[2m)[22m[33m 1572[2mms[22m[39m
     [33m[2mΓ£ô[22m[39m renders a row per question and unions the option columns [33m 1235[2mms[22m[39m
 [32mΓ£ô[39m app/lessons/page.test.tsx [2m([22m[2m4 tests[22m[2m)[22m[33m 1660[2mms[22m[39m
     [33m[2mΓ£ô[22m[39m renders result cards with preview and locked states [33m 495[2mms[22m[39m
     [33m[2mΓ£ô[22m[39m filters by OET subtest through the lessons API [33m 1030[2mms[22m[39m
 [32mΓ£ô[39m app/billing/__tests__/freeze-active.test.tsx [2m([22m[2m1 test[22m[2m)[22m[33m 2076[2mms[22m[39m
     [33m[2mΓ£ô[22m[39m renders the freeze banner and disables all paid action buttons [33m 2066[2mms[22m[39m
 [32mΓ£ô[39m app/speaking/selection/page.test.tsx [2m([22m[2m1 test[22m[2m)[22m[33m 1326[2mms[22m[39m
     [33m[2mΓ£ô[22m[39m shows speaking rulebook entry points on the selection surface [33m 1316[2mms[22m[39m
 [32mΓ£ô[39m app/billing/upgrade/page.test.tsx [2m([22m[2m4 tests[22m[2m)[22m[33m 1940[2mms[22m[39m
     [33m[2mΓ£ô[22m[39m renders inside the shared learner shell with backHref to /billing [33m 1160[2mms[22m[39m
     [33m[2mΓ£ô[22m[39m renders plan cards with cross-links to the billing plans tab [33m 316[2mms[22m[39m
 [32mΓ£ô[39m app/billing/referral/page.test.tsx [2m([22m[2m3 tests[22m[2m)[22m[33m 1735[2mms[22m[39m
     [33m[2mΓ£ô[22m[39m renders the empty-state generator inside the shared shell when no code exists [33m 1152[2mms[22m[39m
 [32mΓ£ô[39m app/lessons/programs/[programId]/page.test.tsx [2m([22m[2m1 test[22m[2m)[22m[33m 859[2mms[22m[39m
     [33m[2mΓ£ô[22m[39m renders a real program outline with lesson links [33m 850[2mms[22m[39m
 [32mΓ£ô[39m components/ui/__tests__/bulk-action-bar.test.tsx [2m([22m[2m3 tests[22m[2m)[22m[33m 1136[2mms[22m[39m
     [33m[2mΓ£ô[22m[39m renders the selected count and clears selection [33m 825[2mms[22m[39m
 [32mΓ£ô[39m components/domain/listening/player/__tests__/listening-player-components.test.tsx [2m([22m[2m10 tests[22m[2m)[22m[33m 1186[2mms[22m[39m
     [33m[2mΓ£ô[22m[39m renders clickable available sections when free navigation is enabled [33m 624[2mms[22m[39m
 [32mΓ£ô[39m components/auth/__tests__/sign-in-form.test.tsx [2m([22m[2m2 tests[22m[2m)[22m[33m 1104[2mms[22m[39m
     [33m[2mΓ£ô[22m[39m uses explicit auth copy and ergonomic field attributes [33m 905[2mms[22m[39m
 [32mΓ£ô[39m app/admin/billing/__tests__/confirm-dialog.test.tsx [2m([22m[2m3 tests[22m[2m)[22m[33m 1259[2mms[22m[39m
     [33m[2mΓ£ô[22m[39m renders the destructive description and disables confirm until the phrase matches [33m 335[2mms[22m[39m
     [33m[2mΓ£ô[22m[39m invokes onCancel when the cancel button is pressed [33m 865[2mms[22m[39m
 [32mΓ£ô[39m app/admin/analytics/reading/page.test.tsx [2m([22m[2m1 test[22m[2m)[22m[33m 1250[2mms[22m[39m
     [33m[2mΓ£ô[22m[39m renders Reading analytics sections from the admin aggregate endpoint [33m 1241[2mms[22m[39m
Not implemented: navigation to another Document
 [32mΓ£ô[39m components/domain/vocabulary/VocabLookupPopover.test.tsx [2m([22m[2m5 tests[22m[2m)[22m[33m 1381[2mms[22m[39m
     [33m[2mΓ£ô[22m[39m renders the matched term when lookup finds it [33m 701[2mms[22m[39m
Not implemented: navigation to another Document
 [32mΓ£ô[39m app/page.test.tsx [2m([22m[2m2 tests[22m[2m)[22m[33m 1218[2mms[22m[39m
     [33m[2mΓ£ô[22m[39m renders through the shared learner dashboard shell [33m 770[2mms[22m[39m
     [33m[2mΓ£ô[22m[39m does not crash when readiness evidence is missing [33m 436[2mms[22m[39m
 [32mΓ£ô[39m components/ui/__tests__/button.test.tsx [2m([22m[2m7 tests[22m[2m)[22m[33m 1024[2mms[22m[39m
     [33m[2mΓ£ô[22m[39m uses primary styling by default [33m 630[2mms[22m[39m
 [32mΓ£ô[39m components/ui/__tests__/data-table.test.tsx [2m([22m[2m6 tests[22m[2m)[22m[33m 1646[2mms[22m[39m
     [33m[2mΓ£ô[22m[39m renders the mobile card fallback alongside the desktop table markup [33m 694[2mms[22m[39m
     [33m[2mΓ£ô[22m[39m selects all visible rows from the header checkbox [33m 322[2mms[22m[39m
 [32mΓ£ô[39m components/domain/pronunciation/PronunciationRecorderPanel.test.tsx [2m([22m[2m4 tests[22m[2m)[22m[33m 894[2mms[22m[39m
     [33m[2mΓ£ô[22m[39m prompts the user to enable the microphone when permission is unknown [33m 665[2mms[22m[39m
 [32mΓ£ô[39m app/billing/__tests__/wallet-top-up-tiers.test.tsx [2m([22m[2m1 test[22m[2m)[22m[33m 1800[2mms[22m[39m
     [33m[2mΓ£ô[22m[39m renders the custom 3-tier set with USD currency and a single popular badge [33m 1790[2mms[22m[39m
 [32mΓ£ô[39m app/expert/reading/page.test.tsx [2m([22m[2m1 test[22m[2m)[22m[33m 1107[2mms[22m[39m
     [33m[2mΓ£ô[22m[39m lists expert Reading assignments and links completed attempts to review [33m 1097[2mms[22m[39m
 [32mΓ£ô[39m app/billing/__tests__/billing-flow.integration.test.tsx [2m([22m[2m1 test[22m[2m)[22m[33m 1417[2mms[22m[39m
     [33m[2mΓ£ô[22m[39m walks through loading ΓåÆ upgrade-options ΓåÆ freeze-blocked without React errors [33m 1393[2mms[22m[39m
 [32mΓ£ô[39m app/billing/score-guarantee/page.test.tsx [2m([22m[2m3 tests[22m[2m)[22m[33m 1564[2mms[22m[39m
     [33m[2mΓ£ô[22m[39m shows the activation form inside the shared shell when no pledge exists [33m 917[2mms[22m[39m
     [33m[2mΓ£ô[22m[39m renders the active pledge summary when data is available [33m 453[2mms[22m[39m
 [32mΓ£ô[39m app/speaking/page.test.tsx [2m([22m[2m1 test[22m[2m)[22m[33m 974[2mms[22m[39m
     [33m[2mΓ£ô[22m[39m shows dashboard-style speaking focus and readable speaking evidence dates [33m 965[2mms[22m[39m
[90mstderr[2m | app/goals/page.test.tsx[2m > [22m[2mGoals setup page[2m 
> [22m[2mrenders the goals form through the shared learner dashboard shell
[22m[39mAn update to ProfessionSelector inside a test was not wrapped in 
act(...).

When testing, code that causes React state updates should be wrapped into 
act(...):

act(() => {
  /* fire events that update state */
});
/* assert on the output */

This ensures that you're testing the behavior the user would see in the 
browser. Learn more at https://react.dev/link/wrap-tests-with-act

 [32mΓ£ô[39m app/admin/billing/__tests__/conflict-banner.test.tsx [2m([22m[2m5 tests[22m[2m)[22m[33m 1080[2mms[22m[39m
     [33m[2mΓ£ô[22m[39m renders the conflict warning and a Reload latest CTA [33m 900[2mms[22m[39m
[90mstderr[2m | app/goals/page.test.tsx[2m > [22m[2mGoals setup page[2m 
> [22m[2mdisplays exam family selector
[22m[39mAn update to ProfessionSelector inside a test was not wrapped in 
act(...).

When testing, code that causes React state updates should be wrapped into 
act(...):

act(() => {
  /* fire events that update state */
});
/* assert on the output */

This ensures that you're testing the behavior the user would see in the 
browser. Learn more at https://react.dev/link/wrap-tests-with-act

 [32mΓ£ô[39m app/goals/page.test.tsx [2m([22m[2m2 tests[22m[2m)[22m[33m 1469[2mms[22m[39m
     [33m[2mΓ£ô[22m[39m renders the goals form through the shared learner dashboard shell [33m 566[2mms[22m[39m
     [33m[2mΓ£ô[22m[39m displays exam family selector [33m 892[2mms[22m[39m
 [32mΓ£ô[39m components/domain/ai-feature-routes-panel.test.tsx [2m([22m[2m3 tests[22m[2m)[22m[33m 1196[2mms[22m[39m
     [33m[2mΓ£ô[22m[39m disables "Route to Copilot" when the Copilot provider is not active [33m 753[2mms[22m[39m
 [32mΓ£ô[39m components/domain/__tests__/learner-surface.test.tsx [2m([22m[2m5 tests[22m[2m)[22m[33m 790[2mms[22m[39m
     [33m[2mΓ£ô[22m[39m renders title, description, and primary action while skipping blank metadata [33m 566[2mms[22m[39m
 [32mΓ£ô[39m components/layout/__tests__/notification-center.test.tsx [2m([22m[2m1 test[22m[2m)[22m[33m 1253[2mms[22m[39m
     [33m[2mΓ£ô[22m[39m opens the notification popover when the desktop bell is clicked [33m 1231[2mms[22m[39m
 [32mΓ£ô[39m app/admin/content/reading/[paperId]/page.test.tsx [2m([22m[2m1 test[22m[2m)[22m[33m 1042[2mms[22m[39m
     [33m[2mΓ£ô[22m[39m creates a draft revision and navigates to the cloned paper [33m 1032[2mms[22m[39m
 [32mΓ£ô[39m components/ui/__tests__/modal.test.tsx [2m([22m[2m2 tests[22m[2m)[22m[33m 1361[2mms[22m[39m
     [33m[2mΓ£ô[22m[39m restores focus to the trigger after the dialog closes [33m 1175[2mms[22m[39m
 [32mΓ£ô[39m app/writing/feedback/page.test.tsx [2m([22m[2m2 tests[22m[2m)[22m[33m 1273[2mms[22m[39m
     [33m[2mΓ£ô[22m[39m renders a rule badge linking to the rulebook detail page when ruleId is present [33m 445[2mms[22m[39m
     [33m[2mΓ£ô[22m[39m routes the revise action to the linked revision workspace [33m 812[2mms[22m[39m
 [32mΓ£ô[39m tests/unit/listening/PathwayBoard.test.tsx [2m([22m[2m2 tests[22m[2m)[22m[33m 1178[2mms[22m[39m
     [33m[2mΓ£ô[22m[39m links only actionable stages to their supplied exact launch URLs [33m 916[2mms[22m[39m
[90mstderr[2m | app/expert/queue/page.test.tsx[2m > [22m[2mTutor queue 
page[2m > [22m[2mrenders the tutor review queue with items from the API
[22m[39mReceived NaN for the `children` attribute. If this is expected, cast 
the value to a string.

 [32mΓ£ô[39m app/admin/content/listening/page.test.tsx [2m([22m[2m2 tests[22m[2m)[22m[33m 1022[2mms[22m[39m
     [33m[2mΓ£ô[22m[39m renders the section header, stats, and all listening rows [33m 985[2mms[22m[39m
 [32mΓ£ô[39m app/expert/queue/page.test.tsx [2m([22m[2m1 test[22m[2m)[22m[33m 928[2mms[22m[39m
     [33m[2mΓ£ô[22m[39m renders the tutor review queue with items from the API [33m 915[2mms[22m[39m
 [32mΓ£ô[39m components/domain/ai-assistant/__tests__/AiAssistantWidget.test.tsx [2m([22m[2m7 tests[22m[2m)[22m[33m 919[2mms[22m[39m
     [33m[2mΓ£ô[22m[39m renders the floating button for learner role [33m 526[2mms[22m[39m
 [32mΓ£ô[39m app/admin/content/writing/page.test.tsx [2m([22m[2m2 tests[22m[2m)[22m[33m 1127[2mms[22m[39m
     [33m[2mΓ£ô[22m[39m renders the section header, stats, and writing rows [33m 1080[2mms[22m[39m
 [32mΓ£ô[39m app/reading/paper/[paperId]/results/page.test.tsx [2m([22m[2m5 tests[22m[2m)[22m[33m 1215[2mms[22m[39m
     [33m[2mΓ£ô[22m[39m uses the canonical scaled pass helper for the 350 pass anchor [33m 452[2mms[22m[39m
 [32mΓ£ô[39m app/reading/parts/[part]/page.test.tsx [2m([22m[2m1 test[22m[2m)[22m[33m 839[2mms[22m[39m
     [33m[2mΓ£ô[22m[39m starts a backend scoped practice attempt before navigating to the player [33m 827[2mms[22m[39m
[90mstderr[2m | components/domain/audio-player-waveform.test.tsx[2m > 
[22m[2mAudioPlayerWaveform[2m > [22m[2mrenders the loading indicator and 
audio-player region before WaveSurfer is ready
[22m[39mAn update to AudioPlayerWaveform inside a test was not wrapped in 
act(...).

When testing, code that causes React state updates should be wrapped into 
act(...):

act(() => {
  /* fire events that update state */
});
/* assert on the output */

This ensures that you're testing the behavior the user would see in the 
browser. Learn more at https://react.dev/link/wrap-tests-with-act

[90mstderr[2m | components/domain/audio-player-waveform.test.tsx[2m > 
[22m[2mAudioPlayerWaveform[2m > [22m[2mexposes transport controls 
(play/pause button and playback-rate select)
[22m[39mAn update to AudioPlayerWaveform inside a test was not wrapped in 
act(...).

When testing, code that causes React state updates should be wrapped into 
act(...):

act(() => {
  /* fire events that update state */
});
/* assert on the output */

This ensures that you're testing the behavior the user would see in the 
browser. Learn more at https://react.dev/link/wrap-tests-with-act

[90mstderr[2m | components/domain/audio-player-waveform.test.tsx[2m > 
[22m[2mAudioPlayerWaveform[2m > [22m[2mis tolerant of a missing 
onTimeUpdate callback (useEffectEvent wrapper)
[22m[39mAn update to AudioPlayerWaveform inside a test was not wrapped in 
act(...).

When testing, code that causes React state updates should be wrapped into 
act(...):

act(() => {
  /* fire events that update state */
});
/* assert on the output */

This ensures that you're testing the behavior the user would see in the 
browser. Learn more at https://react.dev/link/wrap-tests-with-act

 [32mΓ£ô[39m components/domain/audio-player-waveform.test.tsx [2m([22m[2m3 tests[22m[2m)[22m[33m 963[2mms[22m[39m
     [33m[2mΓ£ô[22m[39m renders the loading indicator and audio-player region before WaveSurfer is ready [33m 694[2mms[22m[39m
 [32mΓ£ô[39m tests/unit/listening/ListeningPlayerSkinShell.test.tsx [2m([22m[2m15 tests[22m[2m)[22m[33m 819[2mms[22m[39m
     [33m[2mΓ£ô[22m[39m renders paper skin with print affordance [33m 595[2mms[22m[39m
 [32mΓ£ô[39m components/domain/pronunciation/PronunciationDashboardTile.test.tsx [2m([22m[2m1 test[22m[2m)[22m[33m 694[2mms[22m[39m
     [33m[2mΓ£ô[22m[39m routes learners to Recalls audio instead of the standalone pronunciation surface [33m 684[2mms[22m[39m
 [32mΓ£ô[39m app/admin/content/library/page.test.tsx [2m([22m[2m1 test[22m[2m)[22m[33m 904[2mms[22m[39m
     [33m[2mΓ£ô[22m[39m renders admin content library with items from the API [33m 894[2mms[22m[39m
[90mstderr[2m | app/billing/__tests__/error-boundaries.test.tsx[2m > 
[22m[2mbilling root error boundary[2m > [22m[2mrenders the title, an 
alert, and a working retry button
[22m[39m[Billing Error] Error: Network down
    at C:/Users/Administrator/Desktop/New OET Web 
App/app/billing/__tests__/error-boundaries.test.tsx:34:33
    at [90mfile:///C:/Users/Administrator/Desktop/New%20OET%20Web%20App/[39mn
ode_modules/[4m@vitest[24m/runner/dist/chunk-artifact.js:302:11
    at [90mfile:///C:/Users/Administrator/Desktop/New%20OET%20Web%20App/[39mn
ode_modules/[4m@vitest[24m/runner/dist/chunk-artifact.js:1893:26
    at [90mfile:///C:/Users/Administrator/Desktop/New%20OET%20Web%20App/[39mn
ode_modules/[4m@vitest[24m/runner/dist/chunk-artifact.js:2316:20
    at new Promise (<anonymous>)
    at runWithCancel [90m(file:///C:/Users/Administrator/Desktop/New%20OET%20W
eb%20App/[39mnode_modules/[4m@vitest[24m/runner/dist/chunk-artifact.js:2313:
10[90m)[39m
    at [90mfile:///C:/Users/Administrator/Desktop/New%20OET%20Web%20App/[39mn
ode_modules/[4m@vitest[24m/runner/dist/chunk-artifact.js:2295:20
    at new Promise (<anonymous>)
    at runWithTimeout [90m(file:///C:/Users/Administrator/Desktop/New%20OET%20
Web%20App/[39mnode_modules/[4m@vitest[24m/runner/dist/chunk-artifact.js:2262
:10[90m)[39m
    at [90mfile:///C:/Users/Administrator/Desktop/New%20OET%20Web%20App/[39mn
ode_modules/[4m@vitest[24m/runner/dist/chunk-artifact.js:2945:64 {
  digest: [32m'abc123'[39m
}

 [32mΓ£ô[39m app/(auth)/register/success/page.test.tsx [2m([22m[2m1 test[22m[2m)[22m[33m 891[2mms[22m[39m
     [33m[2mΓ£ô[22m[39m shows the success message and redirects to sign in after 10 seconds [33m 882[2mms[22m[39m
 [32mΓ£ô[39m components/ui/__tests__/badge.test.tsx [2m([22m[2m4 tests[22m[2m)[22m[33m 841[2mms[22m[39m
     [33m[2mΓ£ô[22m[39m keeps criterion chips as rounded active/inactive pills [33m 557[2mms[22m[39m
[90mstderr[2m | app/billing/__tests__/error-boundaries.test.tsx[2m > 
[22m[2mupgrade error boundary[2m > [22m[2mrenders the title, an alert, 
and a working retry button
[22m[39m[Billing Upgrade Error] Error: Network down
    at C:/Users/Administrator/Desktop/New OET Web 
App/app/billing/__tests__/error-boundaries.test.tsx:34:33
    at [90mfile:///C:/Users/Administrator/Desktop/New%20OET%20Web%20App/[39mn
ode_modules/[4m@vitest[24m/runner/dist/chunk-artifact.js:302:11
    at [90mfile:///C:/Users/Administrator/Desktop/New%20OET%20Web%20App/[39mn
ode_modules/[4m@vitest[24m/runner/dist/chunk-artifact.js:1893:26
    at [90mfile:///C:/Users/Administrator/Desktop/New%20OET%20Web%20App/[39mn
ode_modules/[4m@vitest[24m/runner/dist/chunk-artifact.js:2316:20
    at new Promise (<anonymous>)
    at runWithCancel [90m(file:///C:/Users/Administrator/Desktop/New%20OET%20W
eb%20App/[39mnode_modules/[4m@vitest[24m/runner/dist/chunk-artifact.js:2313:
10[90m)[39m
    at [90mfile:///C:/Users/Administrator/Desktop/New%20OET%20Web%20App/[39mn
ode_modules/[4m@vitest[24m/runner/dist/chunk-artifact.js:2295:20
    at new Promise (<anonymous>)
    at runWithTimeout [90m(file:///C:/Users/Administrator/Desktop/New%20OET%20
Web%20App/[39mnode_modules/[4m@vitest[24m/runner/dist/chunk-artifact.js:2262
:10[90m)[39m
    at [90mfile:///C:/Users/Administrator/Desktop/New%20OET%20Web%20App/[39mn
ode_modules/[4m@vitest[24m/runner/dist/chunk-artifact.js:2945:64 {
  digest: [32m'abc123'[39m
}

[90mstderr[2m | app/billing/__tests__/error-boundaries.test.tsx[2m > 
[22m[2mreferral error boundary[2m > [22m[2mrenders the title, an alert, 
and a working retry button
[22m[39m[Billing Referral Error] Error: Network down
    at C:/Users/Administrator/Desktop/New OET Web 
App/app/billing/__tests__/error-boundaries.test.tsx:34:33
    at [90mfile:///C:/Users/Administrator/Desktop/New%20OET%20Web%20App/[39mn
ode_modules/[4m@vitest[24m/runner/dist/chunk-artifact.js:302:11
    at [90mfile:///C:/Users/Administrator/Desktop/New%20OET%20Web%20App/[39mn
ode_modules/[4m@vitest[24m/runner/dist/chunk-artifact.js:1893:26
    at [90mfile:///C:/Users/Administrator/Desktop/New%20OET%20Web%20App/[39mn
ode_modules/[4m@vitest[24m/runner/dist/chunk-artifact.js:2316:20
    at new Promise (<anonymous>)
    at runWithCancel [90m(file:///C:/Users/Administrator/Desktop/New%20OET%20W
eb%20App/[39mnode_modules/[4m@vitest[24m/runner/dist/chunk-artifact.js:2313:
10[90m)[39m
    at [90mfile:///C:/Users/Administrator/Desktop/New%20OET%20Web%20App/[39mn
ode_modules/[4m@vitest[24m/runner/dist/chunk-artifact.js:2295:20
    at new Promise (<anonymous>)
    at runWithTimeout [90m(file:///C:/Users/Administrator/Desktop/New%20OET%20
Web%20App/[39mnode_modules/[4m@vitest[24m/runner/dist/chunk-artifact.js:2262
:10[90m)[39m
    at [90mfile:///C:/Users/Administrator/Desktop/New%20OET%20Web%20App/[39mn
ode_modules/[4m@vitest[24m/runner/dist/chunk-artifact.js:2945:64 {
  digest: [32m'abc123'[39m
}

 [32mΓ£ô[39m app/mocks/report/[id]/page.test.tsx [2m([22m[2m3 tests[22m[2m)[22m[33m 818[2mms[22m[39m
     [33m[2mΓ£ô[22m[39m renders through the shared learner dashboard shell without a second page-root width wrapper [33m 343[2mms[22m[39m
[90mstderr[2m | app/billing/__tests__/error-boundaries.test.tsx[2m > 
[22m[2mscore-guarantee error boundary[2m > [22m[2mrenders the title, an 
alert, and a working retry button
[22m[39m[Billing Score Guarantee Error] Error: Network down
    at C:/Users/Administrator/Desktop/New OET Web 
App/app/billing/__tests__/error-boundaries.test.tsx:34:33
    at [90mfile:///C:/Users/Administrator/Desktop/New%20OET%20Web%20App/[39mn
ode_modules/[4m@vitest[24m/runner/dist/chunk-artifact.js:302:11
    at [90mfile:///C:/Users/Administrator/Desktop/New%20OET%20Web%20App/[39mn
ode_modules/[4m@vitest[24m/runner/dist/chunk-artifact.js:1893:26
    at [90mfile:///C:/Users/Administrator/Desktop/New%20OET%20Web%20App/[39mn
ode_modules/[4m@vitest[24m/runner/dist/chunk-artifact.js:2316:20
    at new Promise (<anonymous>)
    at runWithCancel [90m(file:///C:/Users/Administrator/Desktop/New%20OET%20W
eb%20App/[39mnode_modules/[4m@vitest[24m/runner/dist/chunk-artifact.js:2313:
10[90m)[39m
    at [90mfile:///C:/Users/Administrator/Desktop/New%20OET%20Web%20App/[39mn
ode_modules/[4m@vitest[24m/runner/dist/chunk-artifact.js:2295:20
    at new Promise (<anonymous>)
    at runWithTimeout [90m(file:///C:/Users/Administrator/Desktop/New%20OET%20
Web%20App/[39mnode_modules/[4m@vitest[24m/runner/dist/chunk-artifact.js:2262
:10[90m)[39m
    at [90mfile:///C:/Users/Administrator/Desktop/New%20OET%20Web%20App/[39mn
ode_modules/[4m@vitest[24m/runner/dist/chunk-artifact.js:2945:64 {
  digest: [32m'abc123'[39m
}

 [32mΓ£ô[39m app/billing/__tests__/error-boundaries.test.tsx [2m([22m[2m4 tests[22m[2m)[22m[33m 1241[2mms[22m[39m
     [33m[2mΓ£ô[22m[39m renders the title, an alert, and a working retry button [33m 887[2mms[22m[39m
 [32mΓ£ô[39m components/domain/pronunciation/PronunciationResultsCard.test.tsx [2m([22m[2m6 tests[22m[2m)[22m[33m 556[2mms[22m[39m
 [32mΓ£ô[39m app/admin/analytics/listening/question/[paperId]/[number]/page.test.tsx [2m([22m[2m5 tests[22m[2m)[22m[33m 547[2mms[22m[39m
     [33m[2mΓ£ô[22m[39m renders the deep-dive panels filtered to the routed question [33m 373[2mms[22m[39m
 [32mΓ£ô[39m app/(auth)/forgot-password/verify/page.test.tsx [2m([22m[2m1 test[22m[2m)[22m[33m 814[2mms[22m[39m
     [33m[2mΓ£ô[22m[39m renders the reset-code verification step [33m 802[2mms[22m[39m
 [32mΓ£ô[39m components/domain/speaking-role-card.test.tsx [2m([22m[2m1 test[22m[2m)[22m[33m 770[2mms[22m[39m
     [33m[2mΓ£ô[22m[39m renders structured OET speaking role-play metadata [33m 760[2mms[22m[39m
 [32mΓ£ô[39m components/layout/__tests__/learner-dashboard-shell.test.tsx [2m([22m[2m3 tests[22m[2m)[22m[33m 852[2mms[22m[39m
     [33m[2mΓ£ô[22m[39m adds learner breadcrumbs on non-immersive workspace routes [33m 692[2mms[22m[39m
 [32mΓ£ô[39m app/billing/__tests__/payment-banner.test.tsx [2m([22m[2m3 tests[22m[2m)[22m[33m 985[2mms[22m[39m
     [33m[2mΓ£ô[22m[39m renders a success banner for ?payment=success&gateway=stripe [33m 521[2mms[22m[39m
[90mstderr[2m | app/progress/page.test.tsx[2m > [22m[2mProgress dashboard 
page[2m > [22m[2mrenders through the shared learner dashboard shell
[22m[39mThe tag <stop> is unrecognized in this browser. If you meant to 
render a React component, start its name with an uppercase letter.
<linearGradient /> is using incorrect casing. Use PascalCase for React 
components, or lowercase for HTML elements.
The tag <linearGradient> is unrecognized in this browser. If you meant to 
render a React component, start its name with an uppercase letter.
The tag <defs> is unrecognized in this browser. If you meant to render a React 
component, start its name with an uppercase letter.

[90mstderr[2m | app/progress/page.test.tsx[2m > [22m[2mProgress dashboard 
page[2m > [22m[2mtracks progress_viewed analytics on mount
[22m[39m<linearGradient /> is using incorrect casing. Use PascalCase for 
React components, or lowercase for HTML elements.

 [32mΓ£ô[39m app/progress/page.test.tsx [2m([22m[2m2 tests[22m[2m)[22m[33m 858[2mms[22m[39m
     [33m[2mΓ£ô[22m[39m renders through the shared learner dashboard shell [33m 463[2mms[22m[39m
     [33m[2mΓ£ô[22m[39m tracks progress_viewed analytics on mount [33m 385[2mms[22m[39m
 [32mΓ£ô[39m components/auth/__tests__/auth-screen-shell.test.tsx [2m([22m[2m1 test[22m[2m)[22m[33m 658[2mms[22m[39m
     [33m[2mΓ£ô[22m[39m exposes the primary auth content as a main landmark [33m 648[2mms[22m[39m
 [32mΓ£ô[39m app/admin/admin-shell-ownership.test.ts [2m([22m[2m1 test[22m[2m)[22m[33m 336[2mms[22m[39m
     [33m[2mΓ£ô[22m[39m keeps AdminDashboardShell owned by app/admin/layout only [33m 330[2mms[22m[39m
 [32mΓ£ô[39m app/settings/page.test.tsx [2m([22m[2m1 test[22m[2m)[22m[33m 495[2mms[22m[39m
     [33m[2mΓ£ô[22m[39m renders through the shared learner dashboard shell without a second page-root width wrapper [33m 486[2mms[22m[39m
 [32mΓ£ô[39m lib/rulebook/__tests__/writing-professions.test.ts [2m([22m[2m78 tests[22m[2m)[22m[33m 698[2mms[22m[39m
 [32mΓ£ô[39m app/study-plan/page.test.tsx [2m([22m[2m2 tests[22m[2m)[22m[33m 1002[2mms[22m[39m
     [33m[2mΓ£ô[22m[39m renders study tasks through the shared learner dashboard shell [33m 667[2mms[22m[39m
     [33m[2mΓ£ô[22m[39m shows sub-test badges and task details [33m 324[2mms[22m[39m
 [32mΓ£ô[39m components/domain/pronunciation/PhonemeHeatmap.test.tsx [2m([22m[2m3 tests[22m[2m)[22m[33m 744[2mms[22m[39m
     [33m[2mΓ£ô[22m[39m marks each chip with a listitem role for a11y [33m 592[2mms[22m[39m
 [32mΓ£ô[39m app/escalations/[id]/page.test.tsx [2m([22m[2m5 tests[22m[2m)[22m[33m 697[2mms[22m[39m
     [33m[2mΓ£ô[22m[39m renders escalation details inside the learner dashboard shell [33m 356[2mms[22m[39m
 [32mΓ£ô[39m app/listening/classes/page.test.tsx [2m([22m[2m1 test[22m[2m)[22m[33m 663[2mms[22m[39m
     [33m[2mΓ£ô[22m[39m renders the public launch hold instead of teacher analytics [33m 654[2mms[22m[39m
 [32mΓ£ô[39m app/admin/content/papers/page.test.tsx [2m([22m[2m2 tests[22m[2m)[22m[33m 771[2mms[22m[39m
     [33m[2mΓ£ô[22m[39m initialises filterSubtest from ?subtest=listening and queries the API with it [33m 636[2mms[22m[39m
 [32mΓ£ô[39m components/domain/__tests__/readiness-forecast-simulator.test.tsx [2m([22m[2m4 tests[22m[2m)[22m[33m 557[2mms[22m[39m
 [32mΓ£ô[39m contexts/__tests__/auth-context.test.tsx [2m([22m[2m2 tests[22m[2m)[22m[33m 767[2mms[22m[39m
     [33m[2mΓ£ô[22m[39m clears the current user after sign-out [33m 589[2mms[22m[39m
 [32mΓ£ô[39m components/ui/__tests__/card-link.test.tsx [2m([22m[2m1 test[22m[2m)[22m[33m 853[2mms[22m[39m
     [33m[2mΓ£ô[22m[39m renders a semantic link wrapper for card-like navigation [33m 843[2mms[22m[39m
 [32mΓ£ô[39m app/lessons/[id]/page.test.tsx [2m([22m[2m2 tests[22m[2m)[22m[33m 524[2mms[22m[39m
     [33m[2mΓ£ô[22m[39m renders resume state, transcript, captions, chapters, and resources [33m 386[2mms[22m[39m
 [32mΓ£ô[39m components/ui/__tests__/progress.test.tsx [2m([22m[2m2 tests[22m[2m)[22m[33m 644[2mms[22m[39m
     [33m[2mΓ£ô[22m[39m uses ariaLabel when present without forcing duplicate visible text [33m 584[2mms[22m[39m
 [32mΓ£ô[39m app/submissions/page.test.tsx [2m([22m[2m2 tests[22m[2m)[22m[33m 605[2mms[22m[39m
     [33m[2mΓ£ô[22m[39m renders through the shared learner dashboard shell without a second page-root width wrapper [33m 305[2mms[22m[39m
 [32mΓ£ô[39m app/listening/player/[id]/__tests__/cue-point-seek.test.tsx [2m([22m[2m2 tests[22m[2m)[22m[33m 552[2mms[22m[39m
     [33m[2mΓ£ô[22m[39m seeks audio to extract.audioStartMs / 1000 when entering the audio phase [33m 325[2mms[22m[39m
 [32mΓ£ô[39m app/onboarding/page.test.tsx [2m([22m[2m3 tests[22m[2m)[22m[33m 551[2mms[22m[39m
 [32mΓ£ô[39m app/vocabulary/quiz/history/page.test.tsx [2m([22m[2m3 tests[22m[2m)[22m[33m 654[2mms[22m[39m
     [33m[2mΓ£ô[22m[39m tracks vocab_quiz_history_viewed analytics on mount [33m 421[2mms[22m[39m
 [32mΓ£ô[39m lib/__tests__/admin-contract.test.ts [2m([22m[2m1 test[22m[2m)[22m[33m 438[2mms[22m[39m
     [33m[2mΓ£ô[22m[39m does not ship app/admin pages that import mock-admin-data [33m 407[2mms[22m[39m
 [32mΓ£ô[39m components/domain/speaking/__tests__/DrillPlayer.test.tsx [2m([22m[2m3 tests[22m[2m)[22m[33m 541[2mms[22m[39m
 [32mΓ£ô[39m lib/rulebook/__tests__/schema-validation.test.ts [2m([22m[2m64 tests[22m[2m)[22m[32m 286[2mms[22m[39m
 [32mΓ£ô[39m app/(auth)/auth/callback/[provider]/page.test.tsx [2m([22m[2m2 tests[22m[2m)[22m[32m 247[2mms[22m[39m
 [32mΓ£ô[39m components/domain/__tests__/rulebook-findings-panel.test.tsx [2m([22m[2m4 tests[22m[2m)[22m[33m 376[2mms[22m[39m
 [32mΓ£ô[39m app/listening/mocks/[sessionId]/__tests__/mock-redirect.test.tsx [2m([22m[2m3 tests[22m[2m)[22m[33m 330[2mms[22m[39m
[90mstderr[2m | 
components/domain/speaking/__tests__/PrepCountdown.test.tsx[2m > 
[22m[2mPrepCountdown[2m > [22m[2mfires onComplete exactly once when the 
countdown reaches zero
[22m[39mAn update to PrepCountdown inside a test was not wrapped in act(...).

When testing, code that causes React state updates should be wrapped into 
act(...):

act(() => {
  /* fire events that update state */
});
/* assert on the output */

This ensures that you're testing the behavior the user would see in the 
browser. Learn more at https://react.dev/link/wrap-tests-with-act
An update to PrepCountdown inside a test was not wrapped in act(...).

When testing, code that causes React state updates should be wrapped into 
act(...):

act(() => {
  /* fire events that update state */
});
/* assert on the output */

This ensures that you're testing the behavior the user would see in the 
browser. Learn more at https://react.dev/link/wrap-tests-with-act

[90mstderr[2m | 
components/domain/speaking/__tests__/PrepCountdown.test.tsx[2m > 
[22m[2mPrepCountdown[2m > [22m[2mflips the warning state on at <30 
seconds remaining
[22m[39mAn update to PrepCountdown inside a test was not wrapped in act(...).

When testing, code that causes React state updates should be wrapped into 
act(...):

act(() => {
  /* fire events that update state */
});
/* assert on the output */

This ensures that you're testing the behavior the user would see in the 
browser. Learn more at https://react.dev/link/wrap-tests-with-act
An update to PrepCountdown inside a test was not wrapped in act(...).

When testing, code that causes React state updates should be wrapped into 
act(...):

act(() => {
  /* fire events that update state */
});
/* assert on the output */

This ensures that you're testing the behavior the user would see in the 
browser. Learn more at https://react.dev/link/wrap-tests-with-act

 [32mΓ£ô[39m components/domain/speaking/__tests__/PrepCountdown.test.tsx [2m([22m[2m3 tests[22m[2m)[22m[33m 306[2mms[22m[39m
 [32mΓ£ô[39m app/admin/layout.test.tsx [2m([22m[2m5 tests[22m[2m)[22m[32m 291[2mms[22m[39m
 [32mΓ£ô[39m components/domain/pronunciation/WaveformMeter.test.tsx [2m([22m[2m4 tests[22m[2m)[22m[32m 289[2mms[22m[39m
 [32mΓ£ô[39m lib/hooks/__tests__/use-dashboard-home.test.tsx [2m([22m[2m3 tests[22m[2m)[22m[33m 330[2mms[22m[39m
[90mstderr[2m | hooks/__tests__/use-ai-assistant.test.ts[2m > 
[22m[2museAiAssistant hook[2m > [22m[2mConnection lifecycle[2m > 
[22m[2mstarts in connecting state when token provided (auto-connect)
[22m[39mAn update to TestComponent inside a test was not wrapped in act(...).

When testing, code that causes React state updates should be wrapped into 
act(...):

act(() => {
  /* fire events that update state */
});
/* assert on the output */

This ensures that you're testing the behavior the user would see in the 
browser. Learn more at https://react.dev/link/wrap-tests-with-act
An update to TestComponent inside a test was not wrapped in act(...).

When testing, code that causes React state updates should be wrapped into 
act(...):

act(() => {
  /* fire events that update state */
});
/* assert on the output */

This ensures that you're testing the behavior the user would see in the 
browser. Learn more at https://react.dev/link/wrap-tests-with-act

[90mstderr[2m | hooks/__tests__/use-ai-assistant.test.ts[2m > 
[22m[2museAiAssistant hook[2m > [22m[2mConnection lifecycle[2m > 
[22m[2msets error state on auto-connect failure
[22m[39m[AI Assistant] Connection failed: Error: Connection refused
    at C:/Users/Administrator/Desktop/New OET Web 
App/hooks/__tests__/use-ai-assistant.test.ts:88:50
    at [90mfile:///C:/Users/Administrator/Desktop/New%20OET%20Web%20App/[39mn
ode_modules/[4m@vitest[24m/runner/dist/chunk-artifact.js:302:11
    at [90mfile:///C:/Users/Administrator/Desktop/New%20OET%20Web%20App/[39mn
ode_modules/[4m@vitest[24m/runner/dist/chunk-artifact.js:1893:26
    at [90mfile:///C:/Users/Administrator/Desktop/New%20OET%20Web%20App/[39mn
ode_modules/[4m@vitest[24m/runner/dist/chunk-artifact.js:2316:20
    at new Promise (<anonymous>)
    at runWithCancel [90m(file:///C:/Users/Administrator/Desktop/New%20OET%20W
eb%20App/[39mnode_modules/[4m@vitest[24m/runner/dist/chunk-artifact.js:2313:
10[90m)[39m
    at [90mfile:///C:/Users/Administrator/Desktop/New%20OET%20Web%20App/[39mn
ode_modules/[4m@vitest[24m/runner/dist/chunk-artifact.js:2295:20
    at new Promise (<anonymous>)
    at runWithTimeout [90m(file:///C:/Users/Administrator/Desktop/New%20OET%20
Web%20App/[39mnode_modules/[4m@vitest[24m/runner/dist/chunk-artifact.js:2262
:10[90m)[39m
    at [90mfile:///C:/Users/Administrator/Desktop/New%20OET%20Web%20App/[39mn
ode_modules/[4m@vitest[24m/runner/dist/chunk-artifact.js:2945:64

 [32mΓ£ô[39m hooks/__tests__/use-ai-assistant.test.ts [2m([22m[2m13 tests[22m[2m)[22m[32m 202[2mms[22m[39m
 [32mΓ£ô[39m lib/rulebook/writing-rules.test.ts [2m([22m[2m47 tests[22m[2m)[22m[32m 262[2mms[22m[39m
 [32mΓ£ô[39m app/practice/quick-session/page.test.tsx [2m([22m[2m1 test[22m[2m)[22m[32m 196[2mms[22m[39m
 [32mΓ£ô[39m components/domain/ai-assistant/__tests__/AiAssistantMessages.test.tsx [2m([22m[2m8 tests[22m[2m)[22m[32m 205[2mms[22m[39m
 [32mΓ£ô[39m electron/__tests__/runtime-config.test.ts [2m([22m[2m13 tests[22m[2m)[22m[32m 99[2mms[22m[39m
 [32mΓ£ô[39m app/admin/admin-route-permissions.test.ts [2m([22m[2m2 tests[22m[2m)[22m[32m 172[2mms[22m[39m
 [32mΓ£ô[39m app/admin/billing/__tests__/rbac-gate.test.tsx [2m([22m[2m2 tests[22m[2m)[22m[32m 188[2mms[22m[39m
 [32mΓ£ô[39m components/domain/__tests__/writing-editor.test.tsx [2m([22m[2m1 test[22m[2m)[22m[32m 203[2mms[22m[39m
 [32mΓ£ô[39m components/layout/__tests__/app-shell.test.tsx [2m([22m[2m1 test[22m[2m)[22m[32m 169[2mms[22m[39m
 [32mΓ£ô[39m hooks/__tests__/use-listening-annotations.test.ts [2m([22m[2m7 tests[22m[2m)[22m[32m 265[2mms[22m[39m
 [32mΓ£ô[39m components/layout/__tests__/learner-workspace-container.test.tsx [2m([22m[2m3 tests[22m[2m)[22m[32m 155[2mms[22m[39m
 [32mΓ£ô[39m app/api/backend/[...path]/route.test.ts [2m([22m[2m1 test[22m[2m)[22m[32m 112[2mms[22m[39m
 [32mΓ£ô[39m components/mobile/__tests__/billing-bridge.test.ts [2m([22m[2m16 tests[22m[2m)[22m[32m 101[2mms[22m[39m
 [32mΓ£ô[39m hooks/usePronunciationRecorder.test.ts [2m([22m[2m6 tests[22m[2m)[22m[32m 123[2mms[22m[39m
 [32mΓ£ô[39m components/domain/__tests__/readiness-trend-chart.test.tsx [2m([22m[2m2 tests[22m[2m)[22m[32m 131[2mms[22m[39m
 [32mΓ£ô[39m lib/__tests__/use-expert-auth.test.tsx [2m([22m[2m1 test[22m[2m)[22m[32m 123[2mms[22m[39m
 [32mΓ£ô[39m lib/__tests__/auth-client.test.ts [2m([22m[2m7 tests[22m[2m)[22m[32m 144[2mms[22m[39m
 [32mΓ£ô[39m app/expert/layout.test.tsx [2m([22m[2m2 tests[22m[2m)[22m[32m 130[2mms[22m[39m
 [32mΓ£ô[39m lib/__tests__/analytics.test.ts [2m([22m[2m1 test[22m[2m)[22m[32m 96[2mms[22m[39m
 [32mΓ£ô[39m lib/adapters/oet-sor-adapter.test.ts [2m([22m[2m9 tests[22m[2m)[22m[32m 72[2mms[22m[39m
 [32mΓ£ô[39m components/layout/__tests__/expert-dashboard-shell.test.tsx [2m([22m[2m1 test[22m[2m)[22m[32m 104[2mms[22m[39m
 [32mΓ£ô[39m app/(auth)/sign-in/page.test.tsx [2m([22m[2m1 test[22m[2m)[22m[32m 90[2mms[22m[39m
 [32mΓ£ô[39m lib/__tests__/use-sponsor-auth.test.tsx [2m([22m[2m1 test[22m[2m)[22m[32m 107[2mms[22m[39m
 [32mΓ£ô[39m lib/scoring.test.ts [2m([22m[2m76 tests[22m[2m)[22m[32m 65[2mms[22m[39m
 [32mΓ£ô[39m lib/__tests__/expert-contract.test.ts [2m([22m[2m2 tests[22m[2m)[22m[32m 66[2mms[22m[39m
 [32mΓ£ô[39m lib/rulebook/__tests__/writing-rule-fixtures.test.ts [2m([22m[2m6 tests[22m[2m)[22m[32m 74[2mms[22m[39m
 [32mΓ£ô[39m lib/rulebook/speaking-rules.test.ts [2m([22m[2m18 tests[22m[2m)[22m[32m 70[2mms[22m[39m
 [32mΓ£ô[39m lib/writing-analytics/__tests__/aggregate.test.ts [2m([22m[2m7 tests[22m[2m)[22m[32m 71[2mms[22m[39m
 [32mΓ£ô[39m lib/motion.test.ts [2m([22m[2m26 tests[22m[2m)[22m[32m 67[2mms[22m[39m
 [32mΓ£ô[39m lib/rulebook/loader.test.ts [2m([22m[2m87 tests[22m[2m)[22m[32m 80[2mms[22m[39m
 [32mΓ£ô[39m lib/mobile/forced-update.test.ts [2m([22m[2m7 tests[22m[2m)[22m[32m 55[2mms[22m[39m
 [32mΓ£ô[39m app/billing/__tests__/money.test.ts [2m([22m[2m7 tests[22m[2m)[22m[32m 69[2mms[22m[39m
 [32mΓ£ô[39m lib/rulebook/__tests__/writing-rulebook-baseline.test.ts [2m([22m[2m66 tests[22m[2m)[22m[32m 56[2mms[22m[39m
 [32mΓ£ô[39m lib/rulebook/__tests__/writing-rulebook-coverage.test.ts [2m([22m[2m14 tests[22m[2m)[22m[32m 64[2mms[22m[39m
 [32mΓ£ô[39m lib/auth-storage.test.ts [2m([22m[2m6 tests[22m[2m)[22m[32m 49[2mms[22m[39m
 [32mΓ£ô[39m lib/__tests__/listening-pathway-api.test.ts [2m([22m[2m6 tests[22m[2m)[22m[32m 51[2mms[22m[39m
 [32mΓ£ô[39m lib/mobile/deep-link-handler.test.ts [2m([22m[2m10 tests[22m[2m)[22m[32m 46[2mms[22m[39m
 [32mΓ£ô[39m lib/rulebook/__tests__/profession-coverage.test.ts [2m([22m[2m44 tests[22m[2m)[22m[32m 43[2mms[22m[39m
 [32mΓ£ô[39m lib/__tests__/reading-pathway-api.test.ts [2m([22m[2m7 tests[22m[2m)[22m[32m 53[2mms[22m[39m
 [32mΓ£ô[39m lib/listening-api.test.ts [2m([22m[2m3 tests[22m[2m)[22m[32m 40[2mms[22m[39m
 [32mΓ£ô[39m lib/writing-drills/__tests__/loader.test.ts [2m([22m[2m5 tests[22m[2m)[22m[32m 49[2mms[22m[39m
 [32mΓ£ô[39m lib/mobile/push-notifications.test.ts [2m([22m[2m10 tests[22m[2m)[22m[32m 37[2mms[22m[39m
 [32mΓ£ô[39m lib/__tests__/admin-permissions.test.ts [2m([22m[2m13 tests[22m[2m)[22m[32m 51[2mms[22m[39m
 [32mΓ£ô[39m lib/__tests__/backend-proxy.test.ts [2m([22m[2m9 tests[22m[2m)[22m[32m 60[2mms[22m[39m
 [32mΓ£ô[39m lib/mobile/secure-storage.test.ts [2m([22m[2m11 tests[22m[2m)[22m[32m 33[2mms[22m[39m
 [32mΓ£ô[39m lib/writing-drills/__tests__/grader.test.ts [2m([22m[2m17 tests[22m[2m)[22m[32m 43[2mms[22m[39m
 [32mΓ£ô[39m lib/ai-assistant/__tests__/api.test.ts [2m([22m[2m12 tests[22m[2m)[22m[32m 46[2mms[22m[39m
 [32mΓ£ô[39m lib/mocks/report-payload.test.ts [2m([22m[2m13 tests[22m[2m)[22m[32m 30[2mms[22m[39m
 [32mΓ£ô[39m lib/listening/v2-api.test.ts [2m([22m[2m8 tests[22m[2m)[22m[32m 35[2mms[22m[39m
 [32mΓ£ô[39m lib/__tests__/reading-authoring-api-csrf.test.ts [2m([22m[2m3 tests[22m[2m)[22m[32m 36[2mms[22m[39m
 [32mΓ£ô[39m lib/csv-export.test.ts [2m([22m[2m14 tests[22m[2m)[22m[32m 36[2mms[22m[39m
 [32mΓ£ô[39m lib/ai-assistant/__tests__/permissions.test.ts [2m([22m[2m14 tests[22m[2m)[22m[32m 30[2mms[22m[39m
 [32mΓ£ô[39m lib/__tests__/scoring-speaking.test.ts [2m([22m[2m30 tests[22m[2m)[22m[32m 30[2mms[22m[39m
 [32mΓ£ô[39m lib/listening-sections.test.ts [2m([22m[2m6 tests[22m[2m)[22m[32m 25[2mms[22m[39m
 [32mΓ£ô[39m lib/rulebook/ai-prompt.test.ts [2m([22m[2m19 tests[22m[2m)[22m[32m 40[2mms[22m[39m
 [32mΓ£ô[39m lib/__tests__/auth-routes.test.ts [2m([22m[2m9 tests[22m[2m)[22m[32m 23[2mms[22m[39m
 [32mΓ£ô[39m middleware.test.ts [2m([22m[2m3 tests[22m[2m)[22m[32m 36[2mms[22m[39m
 [32mΓ£ô[39m lib/__tests__/listening-paper-simulation.test.ts [2m([22m[2m9 tests[22m[2m)[22m[32m 32[2mms[22m[39m
 [32mΓ£ô[39m lib/stores/__tests__/expert-store.test.ts [2m([22m[2m9 tests[22m[2m)[22m[32m 27[2mms[22m[39m
 [32mΓ£ô[39m lib/mobile/share.test.ts [2m([22m[2m7 tests[22m[2m)[22m[32m 33[2mms[22m[39m
 [32mΓ£ô[39m app/admin/content/reading/[paperId]/questions/accepted-variants.test.ts [2m([22m[2m12 tests[22m[2m)[22m[32m 53[2mms[22m[39m
 [32mΓ£ô[39m lib/__tests__/reading-tutor-api.test.ts [2m([22m[2m4 tests[22m[2m)[22m[32m 23[2mms[22m[39m
 [32mΓ£ô[39m lib/__tests__/writing-pathway-api.test.ts [2m([22m[2m4 tests[22m[2m)[22m[32m 23[2mms[22m[39m
 [32mΓ£ô[39m lib/env.test.ts [2m([22m[2m4 tests[22m[2m)[22m[32m 26[2mms[22m[39m
 [32mΓ£ô[39m lib/ai-assistant/__tests__/types.test.ts [2m([22m[2m19 tests[22m[2m)[22m[32m 31[2mms[22m[39m
 [32mΓ£ô[39m lib/rulebook/context.test.ts [2m([22m[2m10 tests[22m[2m)[22m[32m 33[2mms[22m[39m
 [32mΓ£ô[39m tests/unit/listening/transitions.parity.test.ts [2m([22m[2m8 tests[22m[2m)[22m[32m 35[2mms[22m[39m
 [32mΓ£ô[39m lib/__tests__/csv-export-injection.test.ts [2m([22m[2m12 tests[22m[2m)[22m[32m 27[2mms[22m[39m
 [32mΓ£ô[39m lib/mocks/workflow.test.ts [2m([22m[2m4 tests[22m[2m)[22m[32m 23[2mms[22m[39m
 [32mΓ£ô[39m lib/notifications-api.test.ts [2m([22m[2m1 test[22m[2m)[22m[32m 37[2mms[22m[39m
 [32mΓ£ô[39m lib/wizard/__tests__/sanitize-html.test.ts [2m([22m[2m10 tests[22m[2m)[22m[32m 23[2mms[22m[39m
 [32mΓ£ô[39m next.config.test.ts [2m([22m[2m2 tests[22m[2m)[22m[32m 30[2mms[22m[39m
 [32mΓ£ô[39m lib/observability/__tests__/sentry-shared.test.ts [2m([22m[2m6 tests[22m[2m)[22m[32m 26[2mms[22m[39m
 [32mΓ£ô[39m lib/__tests__/scoring-pronunciation.test.ts [2m([22m[2m11 tests[22m[2m)[22m[32m 22[2mms[22m[39m
 [32mΓ£ô[39m lib/vocabulary-provenance.test.ts [2m([22m[2m4 tests[22m[2m)[22m[32m 1[2mms[22m[39m
 [32mΓ£ô[39m lib/rulebook/__tests__/writing-canon-parity.test.ts [2m([22m[2m4 tests[22m[2m)[22m[32m 20[2mms[22m[39m
 [32mΓ£ô[39m lib/__tests__/learner-surface.test.ts [2m([22m[2m4 tests[22m[2m)[22m[32m 16[2mms[22m[39m
 [32mΓ£ô[39m lib/reading-paper-simulation.test.ts [2m([22m[2m3 tests[22m[2m)[22m[32m 16[2mms[22m[39m
 [32mΓ£ô[39m components/domain/grammar/__tests__/grammar-lesson-editor.test.ts [2m([22m[2m5 tests[22m[2m)[22m[32m 19[2mms[22m[39m
 [32mΓ£ô[39m lib/writing-revision/__tests__/improvement-score.test.ts [2m([22m[2m8 tests[22m[2m)[22m[32m 20[2mms[22m[39m
 [32mΓ£ô[39m app/admin/billing/__tests__/csv-injection.test.ts [2m([22m[2m4 tests[22m[2m)[22m[32m 18[2mms[22m[39m
 [32mΓ£ô[39m lib/__tests__/capacitor-config.test.ts [2m([22m[2m4 tests[22m[2m)[22m[32m 22[2mms[22m[39m
 [32mΓ£ô[39m app/billing/__tests__/mask-provider-id.test.ts [2m([22m[2m5 tests[22m[2m)[22m[32m 18[2mms[22m[39m
 [32mΓ£ô[39m app/diagnostic/reading/page.test.tsx [2m([22m[2m1 test[22m[2m)[22m[32m 17[2mms[22m[39m
 [32mΓ£ô[39m components/layout/__tests__/learner-dashboard-route-policy.test.ts [2m([22m[2m3 tests[22m[2m)[22m[32m 16[2mms[22m[39m
 [32mΓ£ô[39m lib/hooks/__tests__/use-expert-auth.test.tsx [2m([22m[2m1 test[22m[2m)[22m[32m 12[2mms[22m[39m
 [32mΓ£ô[39m app/admin/billing/__tests__/version-drawer-allowlist.test.ts [2m([22m[2m4 tests[22m[2m)[22m[32m 20[2mms[22m[39m
 [32mΓ£ô[39m lib/rulebook/__tests__/exam-mode-enforcer-coverage.test.ts [2m([22m[2m1 test[22m[2m)[22m[32m 19[2mms[22m[39m
 [32mΓ£ô[39m tests/unit/listening/audio-integrity.test.ts [2m([22m[2m3 tests[22m[2m)[22m[32m 14[2mms[22m[39m
 [32mΓ£ô[39m lib/writing/workflow.test.ts [2m([22m[2m3 tests[22m[2m)[22m[32m 19[2mms[22m[39m
 [32mΓ£ô[39m lib/__tests__/mobile-runtime.test.ts [2m([22m[2m1 test[22m[2m)[22m[32m 16[2mms[22m[39m
 [32mΓ£ô[39m lib/__tests__/diagnostics-fixture.test.ts [2m([22m[2m5 tests[22m[2m)[22m[32m 14[2mms[22m[39m

[2m Test Files [22m [1m[32m251 passed[39m[22m[90m (251)[39m
[2m      Tests [22m [1m[32m1715 passed[39m[22m[90m (1715)[39m
[2m   Start at [22m 01:59:00
[2m   Duration [22m 219.97s[2m (transform 78.48s, setup 200.09s, import 395.79s, tests 358.37s, environment 1806.23s)[22m

